Archive member included to satisfy reference by file (symbol)

c:/st/stm32cubeide_1.3.0/stm32cubeide/plugins/com.st.stm32cube.ide.mcu.externaltools.gnu-tools-for-stm32.7-2018-q2-update.win32_1.4.0.202007081208/tools/bin/../lib/gcc/arm-none-eabi/7.3.1/../../../../arm-none-eabi/lib/thumb/v7e-m/fpv4-sp/hard\libstdc++_nano.a(new_op.o)
                              Core/Src/gnss_wrapper.o (operator new(unsigned int))
c:/st/stm32cubeide_1.3.0/stm32cubeide/plugins/com.st.stm32cube.ide.mcu.externaltools.gnu-tools-for-stm32.7-2018-q2-update.win32_1.4.0.202007081208/tools/bin/../lib/gcc/arm-none-eabi/7.3.1/../../../../arm-none-eabi/lib/thumb/v7e-m/fpv4-sp/hard\libstdc++_nano.a(new_handler.o)
                              c:/st/stm32cubeide_1.3.0/stm32cubeide/plugins/com.st.stm32cube.ide.mcu.externaltools.gnu-tools-for-stm32.7-2018-q2-update.win32_1.4.0.202007081208/tools/bin/../lib/gcc/arm-none-eabi/7.3.1/../../../../arm-none-eabi/lib/thumb/v7e-m/fpv4-sp/hard\libstdc++_nano.a(new_op.o) (std::get_new_handler())
c:/st/stm32cubeide_1.3.0/stm32cubeide/plugins/com.st.stm32cube.ide.mcu.externaltools.gnu-tools-for-stm32.7-2018-q2-update.win32_1.4.0.202007081208/tools/bin/../lib/gcc/arm-none-eabi/7.3.1/../../../../arm-none-eabi/lib/thumb/v7e-m/fpv4-sp/hard\libm.a(lib_a-wf_asin.o)
                              Core/Libs/Quaternion.o (asinf)
c:/st/stm32cubeide_1.3.0/stm32cubeide/plugins/com.st.stm32cube.ide.mcu.externaltools.gnu-tools-for-stm32.7-2018-q2-update.win32_1.4.0.202007081208/tools/bin/../lib/gcc/arm-none-eabi/7.3.1/../../../../arm-none-eabi/lib/thumb/v7e-m/fpv4-sp/hard\libm.a(lib_a-wf_atan2.o)
                              Core/Libs/Quaternion.o (atan2f)
c:/st/stm32cubeide_1.3.0/stm32cubeide/plugins/com.st.stm32cube.ide.mcu.externaltools.gnu-tools-for-stm32.7-2018-q2-update.win32_1.4.0.202007081208/tools/bin/../lib/gcc/arm-none-eabi/7.3.1/../../../../arm-none-eabi/lib/thumb/v7e-m/fpv4-sp/hard\libm.a(lib_a-wf_pow.o)
                              Core/Libs/bno080.o (powf)
c:/st/stm32cubeide_1.3.0/stm32cubeide/plugins/com.st.stm32cube.ide.mcu.externaltools.gnu-tools-for-stm32.7-2018-q2-update.win32_1.4.0.202007081208/tools/bin/../lib/gcc/arm-none-eabi/7.3.1/../../../../arm-none-eabi/lib/thumb/v7e-m/fpv4-sp/hard\libm.a(lib_a-ef_asin.o)
                              c:/st/stm32cubeide_1.3.0/stm32cubeide/plugins/com.st.stm32cube.ide.mcu.externaltools.gnu-tools-for-stm32.7-2018-q2-update.win32_1.4.0.202007081208/tools/bin/../lib/gcc/arm-none-eabi/7.3.1/../../../../arm-none-eabi/lib/thumb/v7e-m/fpv4-sp/hard\libm.a(lib_a-wf_asin.o) (__ieee754_asinf)
c:/st/stm32cubeide_1.3.0/stm32cubeide/plugins/com.st.stm32cube.ide.mcu.externaltools.gnu-tools-for-stm32.7-2018-q2-update.win32_1.4.0.202007081208/tools/bin/../lib/gcc/arm-none-eabi/7.3.1/../../../../arm-none-eabi/lib/thumb/v7e-m/fpv4-sp/hard\libm.a(lib_a-ef_atan2.o)
                              c:/st/stm32cubeide_1.3.0/stm32cubeide/plugins/com.st.stm32cube.ide.mcu.externaltools.gnu-tools-for-stm32.7-2018-q2-update.win32_1.4.0.202007081208/tools/bin/../lib/gcc/arm-none-eabi/7.3.1/../../../../arm-none-eabi/lib/thumb/v7e-m/fpv4-sp/hard\libm.a(lib_a-wf_atan2.o) (__ieee754_atan2f)
c:/st/stm32cubeide_1.3.0/stm32cubeide/plugins/com.st.stm32cube.ide.mcu.externaltools.gnu-tools-for-stm32.7-2018-q2-update.win32_1.4.0.202007081208/tools/bin/../lib/gcc/arm-none-eabi/7.3.1/../../../../arm-none-eabi/lib/thumb/v7e-m/fpv4-sp/hard\libm.a(lib_a-ef_pow.o)
                              c:/st/stm32cubeide_1.3.0/stm32cubeide/plugins/com.st.stm32cube.ide.mcu.externaltools.gnu-tools-for-stm32.7-2018-q2-update.win32_1.4.0.202007081208/tools/bin/../lib/gcc/arm-none-eabi/7.3.1/../../../../arm-none-eabi/lib/thumb/v7e-m/fpv4-sp/hard\libm.a(lib_a-wf_pow.o) (__ieee754_powf)
c:/st/stm32cubeide_1.3.0/stm32cubeide/plugins/com.st.stm32cube.ide.mcu.externaltools.gnu-tools-for-stm32.7-2018-q2-update.win32_1.4.0.202007081208/tools/bin/../lib/gcc/arm-none-eabi/7.3.1/../../../../arm-none-eabi/lib/thumb/v7e-m/fpv4-sp/hard\libm.a(lib_a-ef_sqrt.o)
                              c:/st/stm32cubeide_1.3.0/stm32cubeide/plugins/com.st.stm32cube.ide.mcu.externaltools.gnu-tools-for-stm32.7-2018-q2-update.win32_1.4.0.202007081208/tools/bin/../lib/gcc/arm-none-eabi/7.3.1/../../../../arm-none-eabi/lib/thumb/v7e-m/fpv4-sp/hard\libm.a(lib_a-ef_asin.o) (__ieee754_sqrtf)
c:/st/stm32cubeide_1.3.0/stm32cubeide/plugins/com.st.stm32cube.ide.mcu.externaltools.gnu-tools-for-stm32.7-2018-q2-update.win32_1.4.0.202007081208/tools/bin/../lib/gcc/arm-none-eabi/7.3.1/../../../../arm-none-eabi/lib/thumb/v7e-m/fpv4-sp/hard\libm.a(lib_a-s_lib_ver.o)
                              c:/st/stm32cubeide_1.3.0/stm32cubeide/plugins/com.st.stm32cube.ide.mcu.externaltools.gnu-tools-for-stm32.7-2018-q2-update.win32_1.4.0.202007081208/tools/bin/../lib/gcc/arm-none-eabi/7.3.1/../../../../arm-none-eabi/lib/thumb/v7e-m/fpv4-sp/hard\libm.a(lib_a-wf_asin.o) (__fdlib_version)
[...]
Memory Configuration

Name             Origin             Length             Attributes
CCMRAM           0x0000000010000000 0x0000000000010000 xrw
RAM              0x0000000020000000 0x0000000000020000 xrw
FLASH            0x0000000008000000 0x0000000000100000 xr
*default*        0x0000000000000000 0xffffffffffffffff

Linker script and memory map

LOAD c:/st/stm32cubeide_1.3.0/stm32cubeide/plugins/com.st.stm32cube.ide.mcu.externaltools.gnu-tools-for-stm32.7-2018-q2-update.win32_1.4.0.202007081208/tools/bin/../lib/gcc/arm-none-eabi/7.3.1/thumb/v7e-m/fpv4-sp/hard/crti.o
LOAD c:/st/stm32cubeide_1.3.0/stm32cubeide/plugins/com.st.stm32cube.ide.mcu.externaltools.gnu-tools-for-stm32.7-2018-q2-update.win32_1.4.0.202007081208/tools/bin/../lib/gcc/arm-none-eabi/7.3.1/thumb/v7e-m/fpv4-sp/hard/crtbegin.o
LOAD c:/st/stm32cubeide_1.3.0/stm32cubeide/plugins/com.st.stm32cube.ide.mcu.externaltools.gnu-tools-for-stm32.7-2018-q2-update.win32_1.4.0.202007081208/tools/bin/../lib/gcc/arm-none-eabi/7.3.1/../../../../arm-none-eabi/lib/thumb/v7e-m/fpv4-sp/hard/crt0.o
LOAD Core/Libs/Quaternion.o
LOAD Core/Libs/TR_One_HAL.o
LOAD Core/Libs/bno080.o
LOAD Core/Src/dma.o
LOAD Core/Src/gnss.o
LOAD Core/Src/gnss_wrapper.o
LOAD Core/Src/gpio.o
LOAD Core/Src/i2c.o
LOAD Core/Src/main.o
LOAD Core/Src/spi.o
LOAD Core/Src/stm32f4xx_hal_msp.o
LOAD Core/Src/stm32f4xx_it.o
LOAD Core/Src/system_stm32f4xx.o
LOAD Core/Src/usart.o
LOAD Core/Startup/startup_stm32f405rgtx.o
LOAD Drivers/STM32F4xx_HAL_Driver/Src/stm32f4xx_hal.o
LOAD Drivers/STM32F4xx_HAL_Driver/Src/stm32f4xx_hal_cortex.o
LOAD Drivers/STM32F4xx_HAL_Driver/Src/stm32f4xx_hal_dma.o
LOAD Drivers/STM32F4xx_HAL_Driver/Src/stm32f4xx_hal_dma_ex.o
LOAD Drivers/STM32F4xx_HAL_Driver/Src/stm32f4xx_hal_exti.o
LOAD Drivers/STM32F4xx_HAL_Driver/Src/stm32f4xx_hal_flash.o
LOAD Drivers/STM32F4xx_HAL_Driver/Src/stm32f4xx_hal_flash_ex.o
LOAD Drivers/STM32F4xx_HAL_Driver/Src/stm32f4xx_hal_flash_ramfunc.o
LOAD Drivers/STM32F4xx_HAL_Driver/Src/stm32f4xx_hal_gpio.o
LOAD Drivers/STM32F4xx_HAL_Driver/Src/stm32f4xx_hal_i2c.o
LOAD Drivers/STM32F4xx_HAL_Driver/Src/stm32f4xx_hal_i2c_ex.o
LOAD Drivers/STM32F4xx_HAL_Driver/Src/stm32f4xx_hal_pwr.o
LOAD Drivers/STM32F4xx_HAL_Driver/Src/stm32f4xx_hal_pwr_ex.o
LOAD Drivers/STM32F4xx_HAL_Driver/Src/stm32f4xx_hal_rcc.o
LOAD Drivers/STM32F4xx_HAL_Driver/Src/stm32f4xx_hal_rcc_ex.o
LOAD Drivers/STM32F4xx_HAL_Driver/Src/stm32f4xx_hal_spi.o
LOAD Drivers/STM32F4xx_HAL_Driver/Src/stm32f4xx_hal_tim.o
LOAD Drivers/STM32F4xx_HAL_Driver/Src/stm32f4xx_hal_tim_ex.o
LOAD Drivers/STM32F4xx_HAL_Driver/Src/stm32f4xx_hal_uart.o
START GROUP
LOAD c:/st/stm32cubeide_1.3.0/stm32cubeide/plugins/com.st.stm32cube.ide.mcu.externaltools.gnu-tools-for-stm32.7-2018-q2-update.win32_1.4.0.202007081208/tools/bin/../lib/gcc/arm-none-eabi/7.3.1/../../../../arm-none-eabi/lib/thumb/v7e-m/fpv4-sp/hard\libstdc++_nano.a
LOAD c:/st/stm32cubeide_1.3.0/stm32cubeide/plugins/com.st.stm32cube.ide.mcu.externaltools.gnu-tools-for-stm32.7-2018-q2-update.win32_1.4.0.202007081208/tools/bin/../lib/gcc/arm-none-eabi/7.3.1/../../../../arm-none-eabi/lib/thumb/v7e-m/fpv4-sp/hard\libsupc++_nano.a
END GROUP
LOAD c:/st/stm32cubeide_1.3.0/stm32cubeide/plugins/com.st.stm32cube.ide.mcu.externaltools.gnu-tools-for-stm32.7-2018-q2-update.win32_1.4.0.202007081208/tools/bin/../lib/gcc/arm-none-eabi/7.3.1/../../../../arm-none-eabi/lib/thumb/v7e-m/fpv4-sp/hard\libstdc++_nano.a
LOAD c:/st/stm32cubeide_1.3.0/stm32cubeide/plugins/com.st.stm32cube.ide.mcu.externaltools.gnu-tools-for-stm32.7-2018-q2-update.win32_1.4.0.202007081208/tools/bin/../lib/gcc/arm-none-eabi/7.3.1/../../../../arm-none-eabi/lib/thumb/v7e-m/fpv4-sp/hard\libm.a
LOAD c:/st/stm32cubeide_1.3.0/stm32cubeide/plugins/com.st.stm32cube.ide.mcu.externaltools.gnu-tools-for-stm32.7-2018-q2-update.win32_1.4.0.202007081208/tools/bin/../lib/gcc/arm-none-eabi/7.3.1/../../../../arm-none-eabi/lib/thumb/v7e-m/fpv4-sp/hard\libc_nano.a
START GROUP
LOAD c:/st/stm32cubeide_1.3.0/stm32cubeide/plugins/com.st.stm32cube.ide.mcu.externaltools.gnu-tools-for-stm32.7-2018-q2-update.win32_1.4.0.202007081208/tools/bin/../lib/gcc/arm-none-eabi/7.3.1/thumb/v7e-m/fpv4-sp/hard\libgcc.a
LOAD c:/st/stm32cubeide_1.3.0/stm32cubeide/plugins/com.st.stm32cube.ide.mcu.externaltools.gnu-tools-for-stm32.7-2018-q2-update.win32_1.4.0.202007081208/tools/bin/../lib/gcc/arm-none-eabi/7.3.1/../../../../arm-none-eabi/lib/thumb/v7e-m/fpv4-sp/hard\libc_nano.a
END GROUP
START GROUP
LOAD c:/st/stm32cubeide_1.3.0/stm32cubeide/plugins/com.st.stm32cube.ide.mcu.externaltools.gnu-tools-for-stm32.7-2018-q2-update.win32_1.4.0.202007081208/tools/bin/../lib/gcc/arm-none-eabi/7.3.1/thumb/v7e-m/fpv4-sp/hard\libgcc.a
LOAD c:/st/stm32cubeide_1.3.0/stm32cubeide/plugins/com.st.stm32cube.ide.mcu.externaltools.gnu-tools-for-stm32.7-2018-q2-update.win32_1.4.0.202007081208/tools/bin/../lib/gcc/arm-none-eabi/7.3.1/../../../../arm-none-eabi/lib/thumb/v7e-m/fpv4-sp/hard\libc_nano.a
END GROUP
LOAD c:/st/stm32cubeide_1.3.0/stm32cubeide/plugins/com.st.stm32cube.ide.mcu.externaltools.gnu-tools-for-stm32.7-2018-q2-update.win32_1.4.0.202007081208/tools/bin/../lib/gcc/arm-none-eabi/7.3.1/thumb/v7e-m/fpv4-sp/hard/crtend.o
LOAD c:/st/stm32cubeide_1.3.0/stm32cubeide/plugins/com.st.stm32cube.ide.mcu.externaltools.gnu-tools-for-stm32.7-2018-q2-update.win32_1.4.0.202007081208/tools/bin/../lib/gcc/arm-none-eabi/7.3.1/thumb/v7e-m/fpv4-sp/hard/crtn.o
                0x0000000020020000                _estack = (ORIGIN (RAM) + LENGTH (RAM))
                0x0000000000002000                _Min_Heap_Size = 0x2000
                0x0000000000004000                _Min_Stack_Size = 0x4000

.isr_vector     0x0000000008000000      0x188
                0x0000000008000000                . = ALIGN (0x4)
 *(.isr_vector)
 .isr_vector    0x0000000008000000      0x188 Core/Startup/startup_stm32f405rgtx.o
                0x0000000008000000                g_pfnVectors
                0x0000000008000188                . = ALIGN (0x4)

.text           0x0000000008000188     0x5c58
                0x0000000008000188                . = ALIGN (0x4)
 *(.text)
 .text          0x0000000008000188       0x40 c:/st/stm32cubeide_1.3.0/stm32cubeide/plugins/com.st.stm32cube.ide.mcu.externaltools.gnu-tools-for-stm32.7-2018-q2-update.win32_1.4.0.202007081208/tools/bin/../lib/gcc/arm-none-eabi/7.3.1/thumb/v7e-m/fpv4-sp/hard/crtbegin.o
 .text          0x00000000080001c8      0x378 c:/st/stm32cubeide_1.3.0/stm32cubeide/plugins/com.st.stm32cube.ide.mcu.externaltools.gnu-tools-for-stm32.7-2018-q2-update.win32_1.4.0.202007081208/tools/bin/../lib/gcc/arm-none-eabi/7.3.1/thumb/v7e-m/fpv4-sp/hard\libgcc.a(_arm_addsubdf3.o)
                0x00000000080001c8                __aeabi_drsub
                0x00000000080001d0                __aeabi_dsub
                0x00000000080001d0                __subdf3
                0x00000000080001d4                __aeabi_dadd
                0x00000000080001d4                __adddf3
                0x000000000800044c                __floatunsidf
                0x000000000800044c                __aeabi_ui2d
                0x000000000800046c                __floatsidf
                0x000000000800046c                __aeabi_i2d
                0x0000000008000490                __aeabi_f2d
                0x0000000008000490                __extendsfdf2
                0x00000000080004d4                __floatundidf
                0x00000000080004d4                __aeabi_ul2d
                0x00000000080004e4                __floatdidf
                0x00000000080004e4                __aeabi_l2d
 .text          0x0000000008000540       0xa0 c:/st/stm32cubeide_1.3.0/stm32cubeide/plugins/com.st.stm32cube.ide.mcu.externaltools.gnu-tools-for-stm32.7-2018-q2-update.win32_1.4.0.202007081208/tools/bin/../lib/gcc/arm-none-eabi/7.3.1/thumb/v7e-m/fpv4-sp/hard\libgcc.a(_arm_truncdfsf2.o)
                0x0000000008000540                __truncdfsf2
                0x0000000008000540                __aeabi_d2f
 .text          0x00000000080005e0       0x30 c:/st/stm32cubeide_1.3.0/stm32cubeide/plugins/com.st.stm32cube.ide.mcu.externaltools.gnu-tools-for-stm32.7-2018-q2-update.win32_1.4.0.202007081208/tools/bin/../lib/gcc/arm-none-eabi/7.3.1/thumb/v7e-m/fpv4-sp/hard\libgcc.a(_aeabi_uldivmod.o)
                0x00000000080005e0                __aeabi_uldivmod
 .text          0x0000000008000610      0x2cc c:/st/stm32cubeide_1.3.0/stm32cubeide/plugins/com.st.stm32cube.ide.mcu.externaltools.gnu-tools-for-stm32.7-2018-q2-update.win32_1.4.0.202007081208/tools/bin/../lib/gcc/arm-none-eabi/7.3.1/thumb/v7e-m/fpv4-sp/hard\libgcc.a(_udivmoddi4.o)
                0x0000000008000610                __udivmoddi4
 .text          0x00000000080008dc        0x4 c:/st/stm32cubeide_1.3.0/stm32cubeide/plugins/com.st.stm32cube.ide.mcu.externaltools.gnu-tools-for-stm32.7-2018-q2-update.win32_1.4.0.202007081208/tools/bin/../lib/gcc/arm-none-eabi/7.3.1/thumb/v7e-m/fpv4-sp/hard\libgcc.a(_dvmd_tls.o)
                0x00000000080008dc                __aeabi_idiv0
                0x00000000080008dc                __aeabi_ldiv0
 *(.text*)
 .text.Quaternion_Update
                0x00000000080008e0      0x2a4 Core/Libs/Quaternion.o
                0x00000000080008e0                Quaternion_Update
 .text.invSqrt  0x0000000008000b84       0x78 Core/Libs/Quaternion.o
                0x0000000008000b84                invSqrt
 .text.bno080_Initialization
                0x0000000008000bfc       0x70 Core/Libs/bno080.o
                0x0000000008000bfc                bno080_Initialization
 .text.bno080_start_IT
                0x0000000008000c6c       0x18 Core/Libs/bno080.o
                0x0000000008000c6c                bno080_start_IT
 .text.bno080_qToFloat
                0x0000000008000c84       0x4e Core/Libs/bno080.o
                0x0000000008000c84                bno080_qToFloat
 .text.bno080_enableRotationVector
                0x0000000008000cd2       0x1e Core/Libs/bno080.o
                0x0000000008000cd2                bno080_enableRotationVector
 .text.setFeatureCommand
                0x0000000008000cf0       0xa4 Core/Libs/bno080.o
                0x0000000008000cf0                setFeatureCommand
 .text.bno080_getQuatI
                0x0000000008000d94       0x2c Core/Libs/bno080.o
                0x0000000008000d94                bno080_getQuatI
 .text.bno080_getQuatJ
                0x0000000008000dc0       0x2c Core/Libs/bno080.o
                0x0000000008000dc0                bno080_getQuatJ
 .text.bno080_getQuatK
                0x0000000008000dec       0x2c Core/Libs/bno080.o
                0x0000000008000dec                bno080_getQuatK
 .text.bno080_getQuatReal
                0x0000000008000e18       0x2c Core/Libs/bno080.o
                0x0000000008000e18                bno080_getQuatReal
 .text.bno080_getQuatRadianAccuracy
                0x0000000008000e44       0x2c Core/Libs/bno080.o
                0x0000000008000e44                bno080_getQuatRadianAccuracy
 .text.waitForSPI
                0x0000000008000e70       0x50 Core/Libs/bno080.o
                0x0000000008000e70                waitForSPI
 .text.receivePacket
                0x0000000008000ec0       0xb8 Core/Libs/bno080.o
                0x0000000008000ec0                receivePacket
 .text.sendPacket
                0x0000000008000f78       0x98 Core/Libs/bno080.o
                0x0000000008000f78                sendPacket
 .text.HAL_GPIO_EXTI_Callback
                0x0000000008001010       0x8c Core/Libs/bno080.o
                0x0000000008001010                HAL_GPIO_EXTI_Callback
 .text.MX_DMA_Init
                0x000000000800109c       0x8c Core/Src/dma.o
                0x000000000800109c                MX_DMA_Init
 .text._ZN5CGNSSC2Ev
                0x0000000008001128       0x16 Core/Src/gnss.o
                0x0000000008001128                CGNSS::CGNSS()
                0x0000000008001128                CGNSS::CGNSS()
 .text._ZN8CSensorsC2Ev
                0x000000000800113e       0x1a Core/Src/gnss.o
                0x000000000800113e                CSensors::CSensors()
                0x000000000800113e                CSensors::CSensors()
 .text._Z41__static_initialization_and_destruction_0ii
                0x0000000008001158       0x2c Core/Src/gnss.o
 .text._GLOBAL__sub_I_rxString
                0x0000000008001184       0x10 Core/Src/gnss.o
 .text.MX_GPIO_Init
                0x0000000008001194      0x1fc Core/Src/gpio.o
                0x0000000008001194                MX_GPIO_Init
 .text.MX_I2C1_Init
                0x0000000008001390       0x5c Core/Src/i2c.o
                0x0000000008001390                MX_I2C1_Init
 .text.HAL_I2C_MspInit
                0x00000000080013ec       0x90 Core/Src/i2c.o
                0x00000000080013ec                HAL_I2C_MspInit
 .text.HAL_SPI_TxCpltCallback
                0x000000000800147c       0x14 Core/Src/main.o
                0x000000000800147c                HAL_SPI_TxCpltCallback
 .text.main     0x0000000008001490       0x74 Core/Src/main.o
                0x0000000008001490                main
 .text.SystemClock_Config
                0x0000000008001504       0xd4 Core/Src/main.o
                0x0000000008001504                SystemClock_Config
 .text.Error_Handler
                0x00000000080015d8        0xe Core/Src/main.o
                0x00000000080015d8                Error_Handler
 *fill*         0x00000000080015e6        0x2 
 .text.MX_SPI1_Init
                0x00000000080015e8       0x64 Core/Src/spi.o
                0x00000000080015e8                MX_SPI1_Init
 .text.MX_SPI2_Init
                0x000000000800164c       0x6c Core/Src/spi.o
                0x000000000800164c                MX_SPI2_Init
 .text.MX_SPI3_Init
                0x00000000080016b8       0x6c Core/Src/spi.o
                0x00000000080016b8                MX_SPI3_Init
 .text.HAL_SPI_MspInit
                0x0000000008001724      0x2dc Core/Src/spi.o
                0x0000000008001724                HAL_SPI_MspInit
 .text.HAL_MspInit
                0x0000000008001a00       0x50 Core/Src/stm32f4xx_hal_msp.o
                0x0000000008001a00                HAL_MspInit
 .text.NMI_Handler
                0x0000000008001a50        0xe Core/Src/stm32f4xx_it.o
                0x0000000008001a50                NMI_Handler
 .text.HardFault_Handler
                0x0000000008001a5e        0x6 Core/Src/stm32f4xx_it.o
                0x0000000008001a5e                HardFault_Handler
 .text.MemManage_Handler
                0x0000000008001a64        0x6 Core/Src/stm32f4xx_it.o
                0x0000000008001a64                MemManage_Handler
 .text.BusFault_Handler
                0x0000000008001a6a        0x6 Core/Src/stm32f4xx_it.o
                0x0000000008001a6a                BusFault_Handler
 .text.UsageFault_Handler
                0x0000000008001a70        0x6 Core/Src/stm32f4xx_it.o
                0x0000000008001a70                UsageFault_Handler
 .text.SVC_Handler
                0x0000000008001a76        0xe Core/Src/stm32f4xx_it.o
                0x0000000008001a76                SVC_Handler
 .text.DebugMon_Handler
                0x0000000008001a84        0xe Core/Src/stm32f4xx_it.o
                0x0000000008001a84                DebugMon_Handler
 .text.PendSV_Handler
                0x0000000008001a92        0xe Core/Src/stm32f4xx_it.o
                0x0000000008001a92                PendSV_Handler
 .text.SysTick_Handler
                0x0000000008001aa0        0xc Core/Src/stm32f4xx_it.o
                0x0000000008001aa0                SysTick_Handler
 .text.DMA1_Stream2_IRQHandler
                0x0000000008001aac       0x14 Core/Src/stm32f4xx_it.o
                0x0000000008001aac                DMA1_Stream2_IRQHandler
 .text.DMA1_Stream4_IRQHandler
                0x0000000008001ac0       0x14 Core/Src/stm32f4xx_it.o
                0x0000000008001ac0                DMA1_Stream4_IRQHandler
 .text.SPI1_IRQHandler
                0x0000000008001ad4       0x14 Core/Src/stm32f4xx_it.o
                0x0000000008001ad4                SPI1_IRQHandler
 .text.EXTI15_10_IRQHandler
                0x0000000008001ae8       0x10 Core/Src/stm32f4xx_it.o
                0x0000000008001ae8                EXTI15_10_IRQHandler
 .text.DMA2_Stream0_IRQHandler
                0x0000000008001af8       0x14 Core/Src/stm32f4xx_it.o
                0x0000000008001af8                DMA2_Stream0_IRQHandler
 .text.DMA2_Stream3_IRQHandler
                0x0000000008001b0c       0x14 Core/Src/stm32f4xx_it.o
                0x0000000008001b0c                DMA2_Stream3_IRQHandler
 .text.SystemInit
                0x0000000008001b20       0x2c Core/Src/system_stm32f4xx.o
                0x0000000008001b20                SystemInit
 .text.MX_UART4_Init
                0x0000000008001b4c       0x54 Core/Src/usart.o
                0x0000000008001b4c                MX_UART4_Init
 .text.HAL_UART_MspInit
                0x0000000008001ba0      0x15c Core/Src/usart.o
                0x0000000008001ba0                HAL_UART_MspInit
 .text.Reset_Handler
                0x0000000008001cfc       0x50 Core/Startup/startup_stm32f405rgtx.o
                0x0000000008001cfc                Reset_Handler
 .text.Default_Handler
                0x0000000008001d4c        0x2 Core/Startup/startup_stm32f405rgtx.o
                0x0000000008001d4c                RTC_Alarm_IRQHandler
                0x0000000008001d4c                HASH_RNG_IRQHandler
                0x0000000008001d4c                EXTI2_IRQHandler
                0x0000000008001d4c                TIM8_CC_IRQHandler
                0x0000000008001d4c                TIM1_CC_IRQHandler
                0x0000000008001d4c                DMA2_Stream5_IRQHandler
                0x0000000008001d4c                DMA1_Stream5_IRQHandler
                0x0000000008001d4c                PVD_IRQHandler
                0x0000000008001d4c                SDIO_IRQHandler
                0x0000000008001d4c                TAMP_STAMP_IRQHandler
                0x0000000008001d4c                CAN2_RX1_IRQHandler
                0x0000000008001d4c                EXTI3_IRQHandler
                0x0000000008001d4c                TIM8_TRG_COM_TIM14_IRQHandler
                0x0000000008001d4c                TIM1_UP_TIM10_IRQHandler
                0x0000000008001d4c                TIM8_UP_TIM13_IRQHandler
                0x0000000008001d4c                I2C3_ER_IRQHandler
                0x0000000008001d4c                EXTI0_IRQHandler
                0x0000000008001d4c                I2C2_EV_IRQHandler
                0x0000000008001d4c                CAN1_RX0_IRQHandler
                0x0000000008001d4c                FPU_IRQHandler
                0x0000000008001d4c                OTG_HS_WKUP_IRQHandler
                0x0000000008001d4c                CAN2_SCE_IRQHandler
                0x0000000008001d4c                DMA2_Stream2_IRQHandler
                0x0000000008001d4c                TIM6_DAC_IRQHandler
                0x0000000008001d4c                TIM1_BRK_TIM9_IRQHandler
                0x0000000008001d4c                CAN2_RX0_IRQHandler
                0x0000000008001d4c                USART6_IRQHandler
                0x0000000008001d4c                USART3_IRQHandler
                0x0000000008001d4c                CAN1_RX1_IRQHandler
                0x0000000008001d4c                UART5_IRQHandler
                0x0000000008001d4c                TIM4_IRQHandler
                0x0000000008001d4c                I2C1_EV_IRQHandler
                0x0000000008001d4c                DMA1_Stream6_IRQHandler
                0x0000000008001d4c                DMA1_Stream1_IRQHandler
                0x0000000008001d4c                UART4_IRQHandler
                0x0000000008001d4c                TIM3_IRQHandler
                0x0000000008001d4c                RCC_IRQHandler
                0x0000000008001d4c                TIM8_BRK_TIM12_IRQHandler
                0x0000000008001d4c                Default_Handler
                0x0000000008001d4c                ADC_IRQHandler
                0x0000000008001d4c                DMA1_Stream7_IRQHandler
                0x0000000008001d4c                TIM7_IRQHandler
                0x0000000008001d4c                CAN2_TX_IRQHandler
                0x0000000008001d4c                TIM5_IRQHandler
                0x0000000008001d4c                DMA2_Stream7_IRQHandler
                0x0000000008001d4c                I2C3_EV_IRQHandler
                0x0000000008001d4c                EXTI9_5_IRQHandler
                0x0000000008001d4c                RTC_WKUP_IRQHandler
                0x0000000008001d4c                SPI2_IRQHandler
                0x0000000008001d4c                OTG_HS_EP1_IN_IRQHandler
                0x0000000008001d4c                DMA1_Stream0_IRQHandler
                0x0000000008001d4c                CAN1_TX_IRQHandler
                0x0000000008001d4c                EXTI4_IRQHandler
                0x0000000008001d4c                FSMC_IRQHandler
                0x0000000008001d4c                OTG_HS_EP1_OUT_IRQHandler
                0x0000000008001d4c                WWDG_IRQHandler
                0x0000000008001d4c                TIM2_IRQHandler
                0x0000000008001d4c                OTG_FS_WKUP_IRQHandler
                0x0000000008001d4c                TIM1_TRG_COM_TIM11_IRQHandler
                0x0000000008001d4c                OTG_HS_IRQHandler
                0x0000000008001d4c                EXTI1_IRQHandler
                0x0000000008001d4c                USART2_IRQHandler
                0x0000000008001d4c                I2C2_ER_IRQHandler
                0x0000000008001d4c                DMA2_Stream1_IRQHandler
                0x0000000008001d4c                CAN1_SCE_IRQHandler
                0x0000000008001d4c                FLASH_IRQHandler
                0x0000000008001d4c                DMA2_Stream4_IRQHandler
                0x0000000008001d4c                USART1_IRQHandler
                0x0000000008001d4c                OTG_FS_IRQHandler
                0x0000000008001d4c                SPI3_IRQHandler
                0x0000000008001d4c                I2C1_ER_IRQHandler
                0x0000000008001d4c                DMA2_Stream6_IRQHandler
                0x0000000008001d4c                DMA1_Stream3_IRQHandler
 *fill*         0x0000000008001d4e        0x2 
 .text.HAL_Init
                0x0000000008001d50       0x44 Drivers/STM32F4xx_HAL_Driver/Src/stm32f4xx_hal.o
                0x0000000008001d50                HAL_Init
 .text.HAL_InitTick
                0x0000000008001d94       0x60 Drivers/STM32F4xx_HAL_Driver/Src/stm32f4xx_hal.o
                0x0000000008001d94                HAL_InitTick
 .text.HAL_IncTick
                0x0000000008001df4       0x28 Drivers/STM32F4xx_HAL_Driver/Src/stm32f4xx_hal.o
                0x0000000008001df4                HAL_IncTick
 .text.HAL_GetTick
                0x0000000008001e1c       0x18 Drivers/STM32F4xx_HAL_Driver/Src/stm32f4xx_hal.o
                0x0000000008001e1c                HAL_GetTick
 .text.HAL_Delay
                0x0000000008001e34       0x44 Drivers/STM32F4xx_HAL_Driver/Src/stm32f4xx_hal.o
                0x0000000008001e34                HAL_Delay
 .text.__NVIC_SetPriorityGrouping
                0x0000000008001e78       0x48 Drivers/STM32F4xx_HAL_Driver/Src/stm32f4xx_hal_cortex.o
 .text.__NVIC_GetPriorityGrouping
                0x0000000008001ec0       0x1c Drivers/STM32F4xx_HAL_Driver/Src/stm32f4xx_hal_cortex.o
 .text.__NVIC_EnableIRQ
                0x0000000008001edc       0x3c Drivers/STM32F4xx_HAL_Driver/Src/stm32f4xx_hal_cortex.o
 .text.__NVIC_DisableIRQ
                0x0000000008001f18       0x44 Drivers/STM32F4xx_HAL_Driver/Src/stm32f4xx_hal_cortex.o
 .text.__NVIC_SetPriority
                0x0000000008001f5c       0x54 Drivers/STM32F4xx_HAL_Driver/Src/stm32f4xx_hal_cortex.o
 .text.NVIC_EncodePriority
                0x0000000008001fb0       0x66 Drivers/STM32F4xx_HAL_Driver/Src/stm32f4xx_hal_cortex.o
 *fill*         0x0000000008002016        0x2 
 .text.SysTick_Config
                0x0000000008002018       0x44 Drivers/STM32F4xx_HAL_Driver/Src/stm32f4xx_hal_cortex.o
 .text.HAL_NVIC_SetPriorityGrouping
                0x000000000800205c       0x16 Drivers/STM32F4xx_HAL_Driver/Src/stm32f4xx_hal_cortex.o
                0x000000000800205c                HAL_NVIC_SetPriorityGrouping
 .text.HAL_NVIC_SetPriority
                0x0000000008002072       0x38 Drivers/STM32F4xx_HAL_Driver/Src/stm32f4xx_hal_cortex.o
                0x0000000008002072                HAL_NVIC_SetPriority
 .text.HAL_NVIC_EnableIRQ
                0x00000000080020aa       0x1c Drivers/STM32F4xx_HAL_Driver/Src/stm32f4xx_hal_cortex.o
                0x00000000080020aa                HAL_NVIC_EnableIRQ
 .text.HAL_NVIC_DisableIRQ
                0x00000000080020c6       0x1c Drivers/STM32F4xx_HAL_Driver/Src/stm32f4xx_hal_cortex.o
                0x00000000080020c6                HAL_NVIC_DisableIRQ
 .text.HAL_SYSTICK_Config
                0x00000000080020e2       0x18 Drivers/STM32F4xx_HAL_Driver/Src/stm32f4xx_hal_cortex.o
                0x00000000080020e2                HAL_SYSTICK_Config
 *fill*         0x00000000080020fa        0x2 
 .text.HAL_DMA_Init
                0x00000000080020fc      0x15c Drivers/STM32F4xx_HAL_Driver/Src/stm32f4xx_hal_dma.o
                0x00000000080020fc                HAL_DMA_Init
 .text.HAL_DMA_Start_IT
                0x0000000008002258       0xb0 Drivers/STM32F4xx_HAL_Driver/Src/stm32f4xx_hal_dma.o
                0x0000000008002258                HAL_DMA_Start_IT
 .text.HAL_DMA_Abort_IT
                0x0000000008002308       0x44 Drivers/STM32F4xx_HAL_Driver/Src/stm32f4xx_hal_dma.o
                0x0000000008002308                HAL_DMA_Abort_IT
 .text.HAL_DMA_IRQHandler
                0x000000000800234c      0x314 Drivers/STM32F4xx_HAL_Driver/Src/stm32f4xx_hal_dma.o
                0x000000000800234c                HAL_DMA_IRQHandler
 .text.DMA_SetConfig
                0x0000000008002660       0x5c Drivers/STM32F4xx_HAL_Driver/Src/stm32f4xx_hal_dma.o
 .text.DMA_CalcBaseAndBitshift
                0x00000000080026bc       0x6c Drivers/STM32F4xx_HAL_Driver/Src/stm32f4xx_hal_dma.o
 .text.DMA_CheckFifoParam
                0x0000000008002728       0xf4 Drivers/STM32F4xx_HAL_Driver/Src/stm32f4xx_hal_dma.o
 .text.HAL_GPIO_Init
                0x000000000800281c      0x334 Drivers/STM32F4xx_HAL_Driver/Src/stm32f4xx_hal_gpio.o
                0x000000000800281c                HAL_GPIO_Init
 .text.HAL_GPIO_ReadPin
                0x0000000008002b50       0x30 Drivers/STM32F4xx_HAL_Driver/Src/stm32f4xx_hal_gpio.o
                0x0000000008002b50                HAL_GPIO_ReadPin
 .text.HAL_GPIO_WritePin
                0x0000000008002b80       0x32 Drivers/STM32F4xx_HAL_Driver/Src/stm32f4xx_hal_gpio.o
                0x0000000008002b80                HAL_GPIO_WritePin
 *fill*         0x0000000008002bb2        0x2 
 .text.HAL_GPIO_EXTI_IRQHandler
                0x0000000008002bb4       0x30 Drivers/STM32F4xx_HAL_Driver/Src/stm32f4xx_hal_gpio.o
                0x0000000008002bb4                HAL_GPIO_EXTI_IRQHandler
 .text.HAL_I2C_Init
                0x0000000008002be4      0x270 Drivers/STM32F4xx_HAL_Driver/Src/stm32f4xx_hal_i2c.o
                0x0000000008002be4                HAL_I2C_Init
 .text.HAL_RCC_OscConfig
                0x0000000008002e54      0x4e0 Drivers/STM32F4xx_HAL_Driver/Src/stm32f4xx_hal_rcc.o
                0x0000000008002e54                HAL_RCC_OscConfig
 .text.HAL_RCC_ClockConfig
                0x0000000008003334      0x1cc Drivers/STM32F4xx_HAL_Driver/Src/stm32f4xx_hal_rcc.o
                0x0000000008003334                HAL_RCC_ClockConfig
 .text.HAL_RCC_GetSysClockFreq
                0x0000000008003500      0x164 Drivers/STM32F4xx_HAL_Driver/Src/stm32f4xx_hal_rcc.o
                0x0000000008003500                HAL_RCC_GetSysClockFreq
 .text.HAL_RCC_GetHCLKFreq
                0x0000000008003664       0x18 Drivers/STM32F4xx_HAL_Driver/Src/stm32f4xx_hal_rcc.o
                0x0000000008003664                HAL_RCC_GetHCLKFreq
 .text.HAL_RCC_GetPCLK1Freq
                0x000000000800367c       0x28 Drivers/STM32F4xx_HAL_Driver/Src/stm32f4xx_hal_rcc.o
                0x000000000800367c                HAL_RCC_GetPCLK1Freq
 .text.HAL_RCC_GetPCLK2Freq
                0x00000000080036a4       0x28 Drivers/STM32F4xx_HAL_Driver/Src/stm32f4xx_hal_rcc.o
                0x00000000080036a4                HAL_RCC_GetPCLK2Freq
 .text.HAL_SPI_Init
                0x00000000080036cc       0xc8 Drivers/STM32F4xx_HAL_Driver/Src/stm32f4xx_hal_spi.o
                0x00000000080036cc                HAL_SPI_Init
 .text.HAL_SPI_Transmit
                0x0000000008003794      0x268 Drivers/STM32F4xx_HAL_Driver/Src/stm32f4xx_hal_spi.o
                0x0000000008003794                HAL_SPI_Transmit
 .text.HAL_SPI_Receive
                0x00000000080039fc      0x212 Drivers/STM32F4xx_HAL_Driver/Src/stm32f4xx_hal_spi.o
                0x00000000080039fc                HAL_SPI_Receive
 .text.HAL_SPI_TransmitReceive
                0x0000000008003c0e      0x344 Drivers/STM32F4xx_HAL_Driver/Src/stm32f4xx_hal_spi.o
                0x0000000008003c0e                HAL_SPI_TransmitReceive
 *fill*         0x0000000008003f52        0x2 
 .text.HAL_SPI_Transmit_DMA
                0x0000000008003f54      0x15c Drivers/STM32F4xx_HAL_Driver/Src/stm32f4xx_hal_spi.o
                0x0000000008003f54                HAL_SPI_Transmit_DMA
 .text.HAL_SPI_IRQHandler
                0x00000000080040b0      0x200 Drivers/STM32F4xx_HAL_Driver/Src/stm32f4xx_hal_spi.o
                0x00000000080040b0                HAL_SPI_IRQHandler
 .text.HAL_SPI_TxHalfCpltCallback
                0x00000000080042b0       0x14 Drivers/STM32F4xx_HAL_Driver/Src/stm32f4xx_hal_spi.o
                0x00000000080042b0                HAL_SPI_TxHalfCpltCallback
 .text.HAL_SPI_ErrorCallback
                0x00000000080042c4       0x14 Drivers/STM32F4xx_HAL_Driver/Src/stm32f4xx_hal_spi.o
                0x00000000080042c4                HAL_SPI_ErrorCallback
 .text.SPI_DMATransmitCplt
                0x00000000080042d8       0xa8 Drivers/STM32F4xx_HAL_Driver/Src/stm32f4xx_hal_spi.o
 .text.SPI_DMAHalfTransmitCplt
                0x0000000008004380       0x1c Drivers/STM32F4xx_HAL_Driver/Src/stm32f4xx_hal_spi.o
 .text.SPI_DMAError
                0x000000000800439c       0x40 Drivers/STM32F4xx_HAL_Driver/Src/stm32f4xx_hal_spi.o
 .text.SPI_DMAAbortOnError
                0x00000000080043dc       0x28 Drivers/STM32F4xx_HAL_Driver/Src/stm32f4xx_hal_spi.o
 .text.SPI_WaitFlagStateUntilTimeout
                0x0000000008004404       0xd4 Drivers/STM32F4xx_HAL_Driver/Src/stm32f4xx_hal_spi.o
 .text.SPI_EndRxTransaction
                0x00000000080044d8       0xca Drivers/STM32F4xx_HAL_Driver/Src/stm32f4xx_hal_spi.o
 *fill*         0x00000000080045a2        0x2 
 .text.SPI_EndRxTxTransaction
                0x00000000080045a4       0x84 Drivers/STM32F4xx_HAL_Driver/Src/stm32f4xx_hal_spi.o
 .text.HAL_UART_Init
                0x0000000008004628       0x9a Drivers/STM32F4xx_HAL_Driver/Src/stm32f4xx_hal_uart.o
                0x0000000008004628                HAL_UART_Init
 *fill*         0x00000000080046c2        0x2 
 .text.UART_SetConfig
                0x00000000080046c4      0x6f8 Drivers/STM32F4xx_HAL_Driver/Src/stm32f4xx_hal_uart.o
 .text.asinf    0x0000000008004dbc       0xb0 c:/st/stm32cubeide_1.3.0/stm32cubeide/plugins/com.st.stm32cube.ide.mcu.externaltools.gnu-tools-for-stm32.7-2018-q2-update.win32_1.4.0.202007081208/tools/bin/../lib/gcc/arm-none-eabi/7.3.1/../../../../arm-none-eabi/lib/thumb/v7e-m/fpv4-sp/hard\libm.a(lib_a-wf_asin.o)
                0x0000000008004dbc                asinf
 .text.atan2f   0x0000000008004e6c        0x4 c:/st/stm32cubeide_1.3.0/stm32cubeide/plugins/com.st.stm32cube.ide.mcu.externaltools.gnu-tools-for-stm32.7-2018-q2-update.win32_1.4.0.202007081208/tools/bin/../lib/gcc/arm-none-eabi/7.3.1/../../../../arm-none-eabi/lib/thumb/v7e-m/fpv4-sp/hard\libm.a(lib_a-wf_atan2.o)
                0x0000000008004e6c                atan2f
 .text.powf     0x0000000008004e70      0x2c8 c:/st/stm32cubeide_1.3.0/stm32cubeide/plugins/com.st.stm32cube.ide.mcu.externaltools.gnu-tools-for-stm32.7-2018-q2-update.win32_1.4.0.202007081208/tools/bin/../lib/gcc/arm-none-eabi/7.3.1/../../../../arm-none-eabi/lib/thumb/v7e-m/fpv4-sp/hard\libm.a(lib_a-wf_pow.o)
                0x0000000008004e70                powf
 .text.__ieee754_asinf
                0x0000000008005138      0x1d0 c:/st/stm32cubeide_1.3.0/stm32cubeide/plugins/com.st.stm32cube.ide.mcu.externaltools.gnu-tools-for-stm32.7-2018-q2-update.win32_1.4.0.202007081208/tools/bin/../lib/gcc/arm-none-eabi/7.3.1/../../../../arm-none-eabi/lib/thumb/v7e-m/fpv4-sp/hard\libm.a(lib_a-ef_asin.o)
                0x0000000008005138                __ieee754_asinf
 .text.__ieee754_atan2f
                0x0000000008005308      0x15c c:/st/stm32cubeide_1.3.0/stm32cubeide/plugins/com.st.stm32cube.ide.mcu.externaltools.gnu-tools-for-stm32.7-2018-q2-update.win32_1.4.0.202007081208/tools/bin/../lib/gcc/arm-none-eabi/7.3.1/../../../../arm-none-eabi/lib/thumb/v7e-m/fpv4-sp/hard\libm.a(lib_a-ef_atan2.o)
                0x0000000008005308                __ieee754_atan2f
 .text.__ieee754_powf
                0x0000000008005464      0x580 c:/st/stm32cubeide_1.3.0/stm32cubeide/plugins/com.st.stm32cube.ide.mcu.externaltools.gnu-tools-for-stm32.7-2018-q2-update.win32_1.4.0.202007081208/tools/bin/../lib/gcc/arm-none-eabi/7.3.1/../../../../arm-none-eabi/lib/thumb/v7e-m/fpv4-sp/hard\libm.a(lib_a-ef_pow.o)
                0x0000000008005464                __ieee754_powf
 .text.__ieee754_sqrtf
                0x00000000080059e4        0x6 c:/st/stm32cubeide_1.3.0/stm32cubeide/plugins/com.st.stm32cube.ide.mcu.externaltools.gnu-tools-for-stm32.7-2018-q2-update.win32_1.4.0.202007081208/tools/bin/../lib/gcc/arm-none-eabi/7.3.1/../../../../arm-none-eabi/lib/thumb/v7e-m/fpv4-sp/hard\libm.a(lib_a-ef_sqrt.o)
                0x00000000080059e4                __ieee754_sqrtf
 .text.matherr  0x00000000080059ea        0x4 c:/st/stm32cubeide_1.3.0/stm32cubeide/plugins/com.st.stm32cube.ide.mcu.externaltools.gnu-tools-for-stm32.7-2018-q2-update.win32_1.4.0.202007081208/tools/bin/../lib/gcc/arm-none-eabi/7.3.1/../../../../arm-none-eabi/lib/thumb/v7e-m/fpv4-sp/hard\libm.a(lib_a-s_matherr.o)
                0x00000000080059ea                matherr
 *fill*         0x00000000080059ee        0x2 
 .text.nan      0x00000000080059f0       0x10 c:/st/stm32cubeide_1.3.0/stm32cubeide/plugins/com.st.stm32cube.ide.mcu.externaltools.gnu-tools-for-stm32.7-2018-q2-update.win32_1.4.0.202007081208/tools/bin/../lib/gcc/arm-none-eabi/7.3.1/../../../../arm-none-eabi/lib/thumb/v7e-m/fpv4-sp/hard\libm.a(lib_a-s_nan.o)
                0x00000000080059f0                nan
 .text.atanf    0x0000000008005a00      0x1a8 c:/st/stm32cubeide_1.3.0/stm32cubeide/plugins/com.st.stm32cube.ide.mcu.externaltools.gnu-tools-for-stm32.7-2018-q2-update.win32_1.4.0.202007081208/tools/bin/../lib/gcc/arm-none-eabi/7.3.1/../../../../arm-none-eabi/lib/thumb/v7e-m/fpv4-sp/hard\libm.a(lib_a-sf_atan.o)
                0x0000000008005a00                atanf
 .text.fabsf    0x0000000008005ba8        0xe c:/st/stm32cubeide_1.3.0/stm32cubeide/plugins/com.st.stm32cube.ide.mcu.externaltools.gnu-tools-for-stm32.7-2018-q2-update.win32_1.4.0.202007081208/tools/bin/../lib/gcc/arm-none-eabi/7.3.1/../../../../arm-none-eabi/lib/thumb/v7e-m/fpv4-sp/hard\libm.a(lib_a-sf_fabs.o)
                0x0000000008005ba8                fabsf
 .text.finitef  0x0000000008005bb6       0x14 c:/st/stm32cubeide_1.3.0/stm32cubeide/plugins/com.st.stm32cube.ide.mcu.externaltools.gnu-tools-for-stm32.7-2018-q2-update.win32_1.4.0.202007081208/tools/bin/../lib/gcc/arm-none-eabi/7.3.1/../../../../arm-none-eabi/lib/thumb/v7e-m/fpv4-sp/hard\libm.a(lib_a-sf_finite.o)
                0x0000000008005bb6                finitef
 *fill*         0x0000000008005bca        0x2 
 .text.nanf     0x0000000008005bcc        0xc c:/st/stm32cubeide_1.3.0/stm32cubeide/plugins/com.st.stm32cube.ide.mcu.externaltools.gnu-tools-for-stm32.7-2018-q2-update.win32_1.4.0.202007081208/tools/bin/../lib/gcc/arm-none-eabi/7.3.1/../../../../arm-none-eabi/lib/thumb/v7e-m/fpv4-sp/hard\libm.a(lib_a-sf_nan.o)
                0x0000000008005bcc                nanf
 .text.rintf    0x0000000008005bd8       0xb4 c:/st/stm32cubeide_1.3.0/stm32cubeide/plugins/com.st.stm32cube.ide.mcu.externaltools.gnu-tools-for-stm32.7-2018-q2-update.win32_1.4.0.202007081208/tools/bin/../lib/gcc/arm-none-eabi/7.3.1/../../../../arm-none-eabi/lib/thumb/v7e-m/fpv4-sp/hard\libm.a(lib_a-sf_rint.o)
                0x0000000008005bd8                rintf
 .text.scalbnf  0x0000000008005c8c       0xc0 c:/st/stm32cubeide_1.3.0/stm32cubeide/plugins/com.st.stm32cube.ide.mcu.externaltools.gnu-tools-for-stm32.7-2018-q2-update.win32_1.4.0.202007081208/tools/bin/../lib/gcc/arm-none-eabi/7.3.1/../../../../arm-none-eabi/lib/thumb/v7e-m/fpv4-sp/hard\libm.a(lib_a-sf_scalbn.o)
                0x0000000008005c8c                scalbnf
 .text.copysignf
                0x0000000008005d4c       0x18 c:/st/stm32cubeide_1.3.0/stm32cubeide/plugins/com.st.stm32cube.ide.mcu.externaltools.gnu-tools-for-stm32.7-2018-q2-update.win32_1.4.0.202007081208/tools/bin/../lib/gcc/arm-none-eabi/7.3.1/../../../../arm-none-eabi/lib/thumb/v7e-m/fpv4-sp/hard\libm.a(lib_a-sf_copysign.o)
                0x0000000008005d4c                copysignf
 .text.__errno  0x0000000008005d64        0xc c:/st/stm32cubeide_1.3.0/stm32cubeide/plugins/com.st.stm32cube.ide.mcu.externaltools.gnu-tools-for-stm32.7-2018-q2-update.win32_1.4.0.202007081208/tools/bin/../lib/gcc/arm-none-eabi/7.3.1/../../../../arm-none-eabi/lib/thumb/v7e-m/fpv4-sp/hard\libc_nano.a(lib_a-errno.o)
                0x0000000008005d64                __errno
 .text.__libc_init_array
                0x0000000008005d70       0x48 c:/st/stm32cubeide_1.3.0/stm32cubeide/plugins/com.st.stm32cube.ide.mcu.externaltools.gnu-tools-for-stm32.7-2018-q2-update.win32_1.4.0.202007081208/tools/bin/../lib/gcc/arm-none-eabi/7.3.1/../../../../arm-none-eabi/lib/thumb/v7e-m/fpv4-sp/hard\libc_nano.a(lib_a-init.o)
                0x0000000008005d70                __libc_init_array
 .text.memset   0x0000000008005db8       0x10 c:/st/stm32cubeide_1.3.0/stm32cubeide/plugins/com.st.stm32cube.ide.mcu.externaltools.gnu-tools-for-stm32.7-2018-q2-update.win32_1.4.0.202007081208/tools/bin/../lib/gcc/arm-none-eabi/7.3.1/../../../../arm-none-eabi/lib/thumb/v7e-m/fpv4-sp/hard\libc_nano.a(lib_a-memset.o)
                0x0000000008005db8                memset
 *(.glue_7)
 .glue_7        0x0000000008005dc8        0x0 linker stubs
 *(.glue_7t)
 .glue_7t       0x0000000008005dc8        0x0 linker stubs
 *(.eh_frame)
 .eh_frame      0x0000000008005dc8        0x0 c:/st/stm32cubeide_1.3.0/stm32cubeide/plugins/com.st.stm32cube.ide.mcu.externaltools.gnu-tools-for-stm32.7-2018-q2-update.win32_1.4.0.202007081208/tools/bin/../lib/gcc/arm-none-eabi/7.3.1/thumb/v7e-m/fpv4-sp/hard/crtbegin.o
 *(.init)
 .init          0x0000000008005dc8        0x4 c:/st/stm32cubeide_1.3.0/stm32cubeide/plugins/com.st.stm32cube.ide.mcu.externaltools.gnu-tools-for-stm32.7-2018-q2-update.win32_1.4.0.202007081208/tools/bin/../lib/gcc/arm-none-eabi/7.3.1/thumb/v7e-m/fpv4-sp/hard/crti.o
                0x0000000008005dc8                _init
 .init          0x0000000008005dcc        0x8 c:/st/stm32cubeide_1.3.0/stm32cubeide/plugins/com.st.stm32cube.ide.mcu.externaltools.gnu-tools-for-stm32.7-2018-q2-update.win32_1.4.0.202007081208/tools/bin/../lib/gcc/arm-none-eabi/7.3.1/thumb/v7e-m/fpv4-sp/hard/crtn.o
 *(.fini)
 .fini          0x0000000008005dd4        0x4 c:/st/stm32cubeide_1.3.0/stm32cubeide/plugins/com.st.stm32cube.ide.mcu.externaltools.gnu-tools-for-stm32.7-2018-q2-update.win32_1.4.0.202007081208/tools/bin/../lib/gcc/arm-none-eabi/7.3.1/thumb/v7e-m/fpv4-sp/hard/crti.o
                0x0000000008005dd4                _fini
 .fini          0x0000000008005dd8        0x8 c:/st/stm32cubeide_1.3.0/stm32cubeide/plugins/com.st.stm32cube.ide.mcu.externaltools.gnu-tools-for-stm32.7-2018-q2-update.win32_1.4.0.202007081208/tools/bin/../lib/gcc/arm-none-eabi/7.3.1/thumb/v7e-m/fpv4-sp/hard/crtn.o
                0x0000000008005de0                . = ALIGN (0x4)
                0x0000000008005de0                _etext = .

.vfp11_veneer   0x0000000008005de0        0x0
 .vfp11_veneer  0x0000000008005de0        0x0 linker stubs

.v4_bx          0x0000000008005de0        0x0
 .v4_bx         0x0000000008005de0        0x0 linker stubs

.iplt           0x0000000008005de0        0x0
 .iplt          0x0000000008005de0        0x0 c:/st/stm32cubeide_1.3.0/stm32cubeide/plugins/com.st.stm32cube.ide.mcu.externaltools.gnu-tools-for-stm32.7-2018-q2-update.win32_1.4.0.202007081208/tools/bin/../lib/gcc/arm-none-eabi/7.3.1/thumb/v7e-m/fpv4-sp/hard/crtbegin.o

.rodata         0x0000000008005de0       0x6c
                0x0000000008005de0                . = ALIGN (0x4)
 *(.rodata)
 *(.rodata*)
 .rodata.AHBPrescTable
                0x0000000008005de0       0x10 Core/Src/system_stm32f4xx.o
                0x0000000008005de0                AHBPrescTable
 .rodata.APBPrescTable
                0x0000000008005df0        0x8 Core/Src/system_stm32f4xx.o
                0x0000000008005df0                APBPrescTable
 .rodata.flagBitshiftOffset.7911
                0x0000000008005df8        0x8 Drivers/STM32F4xx_HAL_Driver/Src/stm32f4xx_hal_dma.o
 .rodata.asinf.str1.1
                0x0000000008005e00        0x6 c:/st/stm32cubeide_1.3.0/stm32cubeide/plugins/com.st.stm32cube.ide.mcu.externaltools.gnu-tools-for-stm32.7-2018-q2-update.win32_1.4.0.202007081208/tools/bin/../lib/gcc/arm-none-eabi/7.3.1/../../../../arm-none-eabi/lib/thumb/v7e-m/fpv4-sp/hard\libm.a(lib_a-wf_asin.o)
                                          0x7 (size before relaxing)
 .rodata.powf.str1.1
                0x0000000008005e06        0x5 c:/st/stm32cubeide_1.3.0/stm32cubeide/plugins/com.st.stm32cube.ide.mcu.externaltools.gnu-tools-for-stm32.7-2018-q2-update.win32_1.4.0.202007081208/tools/bin/../lib/gcc/arm-none-eabi/7.3.1/../../../../arm-none-eabi/lib/thumb/v7e-m/fpv4-sp/hard\libm.a(lib_a-wf_pow.o)
 .rodata.__ieee754_powf.str1.1
                0x0000000008005e0b        0x1 c:/st/stm32cubeide_1.3.0/stm32cubeide/plugins/com.st.stm32cube.ide.mcu.externaltools.gnu-tools-for-stm32.7-2018-q2-update.win32_1.4.0.202007081208/tools/bin/../lib/gcc/arm-none-eabi/7.3.1/../../../../arm-none-eabi/lib/thumb/v7e-m/fpv4-sp/hard\libm.a(lib_a-ef_pow.o)
 *fill*         0x0000000008005e0b        0x1 
 .rodata.bp     0x0000000008005e0c        0x8 c:/st/stm32cubeide_1.3.0/stm32cubeide/plugins/com.st.stm32cube.ide.mcu.externaltools.gnu-tools-for-stm32.7-2018-q2-update.win32_1.4.0.202007081208/tools/bin/../lib/gcc/arm-none-eabi/7.3.1/../../../../arm-none-eabi/lib/thumb/v7e-m/fpv4-sp/hard\libm.a(lib_a-ef_pow.o)
 .rodata.dp_h   0x0000000008005e14        0x8 c:/st/stm32cubeide_1.3.0/stm32cubeide/plugins/com.st.stm32cube.ide.mcu.externaltools.gnu-tools-for-stm32.7-2018-q2-update.win32_1.4.0.202007081208/tools/bin/../lib/gcc/arm-none-eabi/7.3.1/../../../../arm-none-eabi/lib/thumb/v7e-m/fpv4-sp/hard\libm.a(lib_a-ef_pow.o)
 .rodata.dp_l   0x0000000008005e1c        0x8 c:/st/stm32cubeide_1.3.0/stm32cubeide/plugins/com.st.stm32cube.ide.mcu.externaltools.gnu-tools-for-stm32.7-2018-q2-update.win32_1.4.0.202007081208/tools/bin/../lib/gcc/arm-none-eabi/7.3.1/../../../../arm-none-eabi/lib/thumb/v7e-m/fpv4-sp/hard\libm.a(lib_a-ef_pow.o)
 .rodata.atanhi
                0x0000000008005e24       0x10 c:/st/stm32cubeide_1.3.0/stm32cubeide/plugins/com.st.stm32cube.ide.mcu.externaltools.gnu-tools-for-stm32.7-2018-q2-update.win32_1.4.0.202007081208/tools/bin/../lib/gcc/arm-none-eabi/7.3.1/../../../../arm-none-eabi/lib/thumb/v7e-m/fpv4-sp/hard\libm.a(lib_a-sf_atan.o)
 .rodata.atanlo
                0x0000000008005e34       0x10 c:/st/stm32cubeide_1.3.0/stm32cubeide/plugins/com.st.stm32cube.ide.mcu.externaltools.gnu-tools-for-stm32.7-2018-q2-update.win32_1.4.0.202007081208/tools/bin/../lib/gcc/arm-none-eabi/7.3.1/../../../../arm-none-eabi/lib/thumb/v7e-m/fpv4-sp/hard\libm.a(lib_a-sf_atan.o)
 .rodata.TWO23  0x0000000008005e44        0x8 c:/st/stm32cubeide_1.3.0/stm32cubeide/plugins/com.st.stm32cube.ide.mcu.externaltools.gnu-tools-for-stm32.7-2018-q2-update.win32_1.4.0.202007081208/tools/bin/../lib/gcc/arm-none-eabi/7.3.1/../../../../arm-none-eabi/lib/thumb/v7e-m/fpv4-sp/hard\libm.a(lib_a-sf_rint.o)
                0x0000000008005e4c                . = ALIGN (0x4)

.ARM.extab      0x0000000008005e4c        0x0
                0x0000000008005e4c                . = ALIGN (0x4)
 *(.ARM.extab* .gnu.linkonce.armextab.*)
                0x0000000008005e4c                . = ALIGN (0x4)

.ARM            0x0000000008005e4c        0x8
                0x0000000008005e4c                . = ALIGN (0x4)
                0x0000000008005e4c                __exidx_start = .
 *(.ARM.exidx*)
 .ARM.exidx     0x0000000008005e4c        0x8 c:/st/stm32cubeide_1.3.0/stm32cubeide/plugins/com.st.stm32cube.ide.mcu.externaltools.gnu-tools-for-stm32.7-2018-q2-update.win32_1.4.0.202007081208/tools/bin/../lib/gcc/arm-none-eabi/7.3.1/thumb/v7e-m/fpv4-sp/hard\libgcc.a(_udivmoddi4.o)
                0x0000000008005e54                __exidx_end = .
                0x0000000008005e54                . = ALIGN (0x4)

.rel.dyn        0x0000000008005e54        0x0
 .rel.iplt      0x0000000008005e54        0x0 c:/st/stm32cubeide_1.3.0/stm32cubeide/plugins/com.st.stm32cube.ide.mcu.externaltools.gnu-tools-for-stm32.7-2018-q2-update.win32_1.4.0.202007081208/tools/bin/../lib/gcc/arm-none-eabi/7.3.1/thumb/v7e-m/fpv4-sp/hard/crtbegin.o

.preinit_array  0x0000000008005e54        0x0
                0x0000000008005e54                . = ALIGN (0x4)
                0x0000000008005e54                PROVIDE (__preinit_array_start = .)
 *(.preinit_array*)
                0x0000000008005e54                PROVIDE (__preinit_array_end = .)
                0x0000000008005e54                . = ALIGN (0x4)

.init_array     0x0000000008005e54        0x8
                0x0000000008005e54                . = ALIGN (0x4)
                0x0000000008005e54                PROVIDE (__init_array_start = .)
 *(SORT_BY_NAME(.init_array.*))
 *(.init_array*)
 .init_array    0x0000000008005e54        0x4 c:/st/stm32cubeide_1.3.0/stm32cubeide/plugins/com.st.stm32cube.ide.mcu.externaltools.gnu-tools-for-stm32.7-2018-q2-update.win32_1.4.0.202007081208/tools/bin/../lib/gcc/arm-none-eabi/7.3.1/thumb/v7e-m/fpv4-sp/hard/crtbegin.o
 .init_array    0x0000000008005e58        0x4 Core/Src/gnss.o
                0x0000000008005e5c                PROVIDE (__init_array_end = .)
                0x0000000008005e5c                . = ALIGN (0x4)

.fini_array     0x0000000008005e5c        0x4
                0x0000000008005e5c                . = ALIGN (0x4)
                [!provide]                        PROVIDE (__fini_array_start = .)
 *(SORT_BY_NAME(.fini_array.*))
 *(.fini_array*)
 .fini_array    0x0000000008005e5c        0x4 c:/st/stm32cubeide_1.3.0/stm32cubeide/plugins/com.st.stm32cube.ide.mcu.externaltools.gnu-tools-for-stm32.7-2018-q2-update.win32_1.4.0.202007081208/tools/bin/../lib/gcc/arm-none-eabi/7.3.1/thumb/v7e-m/fpv4-sp/hard/crtbegin.o
                [!provide]                        PROVIDE (__fini_array_end = .)
                0x0000000008005e60                . = ALIGN (0x4)
                0x0000000008005e60                _sidata = LOADADDR (.data)

.data           0x0000000020000000       0x90 load address 0x0000000008005e60
                0x0000000020000000                . = ALIGN (0x4)
                0x0000000020000000                _sdata = .
 *(.data)
 *(.data*)
 .data.rotationVector_Q1
                0x0000000020000000        0x2 Core/Libs/bno080.o
                0x0000000020000000                rotationVector_Q1
 *fill*         0x0000000020000002        0x2 
 .data.q        0x0000000020000004       0x10 Core/Libs/bno080.o
                0x0000000020000004                q
 .data.spi_data
                0x0000000020000014        0xa Core/Src/main.o
                0x0000000020000014                spi_data
 *fill*         0x000000002000001e        0x2 
 .data.SystemCoreClock
                0x0000000020000020        0x4 Core/Src/system_stm32f4xx.o
                0x0000000020000020                SystemCoreClock
 .data.uwTickPrio
                0x0000000020000024        0x4 Drivers/STM32F4xx_HAL_Driver/Src/stm32f4xx_hal.o
                0x0000000020000024                uwTickPrio
 .data.uwTickFreq
                0x0000000020000028        0x1 Drivers/STM32F4xx_HAL_Driver/Src/stm32f4xx_hal.o
                0x0000000020000028                uwTickFreq
 .data.__fdlib_version
                0x0000000020000029        0x1 c:/st/stm32cubeide_1.3.0/stm32cubeide/plugins/com.st.stm32cube.ide.mcu.externaltools.gnu-tools-for-stm32.7-2018-q2-update.win32_1.4.0.202007081208/tools/bin/../lib/gcc/arm-none-eabi/7.3.1/../../../../arm-none-eabi/lib/thumb/v7e-m/fpv4-sp/hard\libm.a(lib_a-s_lib_ver.o)
                0x0000000020000029                __fdlib_version
 *fill*         0x000000002000002a        0x2 
 .data._impure_ptr
                0x000000002000002c        0x4 c:/st/stm32cubeide_1.3.0/stm32cubeide/plugins/com.st.stm32cube.ide.mcu.externaltools.gnu-tools-for-stm32.7-2018-q2-update.win32_1.4.0.202007081208/tools/bin/../lib/gcc/arm-none-eabi/7.3.1/../../../../arm-none-eabi/lib/thumb/v7e-m/fpv4-sp/hard\libc_nano.a(lib_a-impure.o)
                0x000000002000002c                _impure_ptr
 .data.impure_data
                0x0000000020000030       0x60 c:/st/stm32cubeide_1.3.0/stm32cubeide/plugins/com.st.stm32cube.ide.mcu.externaltools.gnu-tools-for-stm32.7-2018-q2-update.win32_1.4.0.202007081208/tools/bin/../lib/gcc/arm-none-eabi/7.3.1/../../../../arm-none-eabi/lib/thumb/v7e-m/fpv4-sp/hard\libc_nano.a(lib_a-impure.o)
                0x0000000020000090                . = ALIGN (0x4)
                0x0000000020000090                _edata = .

.igot.plt       0x0000000020000090        0x0 load address 0x0000000008005ef0
 .igot.plt      0x0000000020000090        0x0 c:/st/stm32cubeide_1.3.0/stm32cubeide/plugins/com.st.stm32cube.ide.mcu.externaltools.gnu-tools-for-stm32.7-2018-q2-update.win32_1.4.0.202007081208/tools/bin/../lib/gcc/arm-none-eabi/7.3.1/thumb/v7e-m/fpv4-sp/hard/crtbegin.o
                0x0000000020000090                . = ALIGN (0x4)

.bss            0x0000000020000090      0x480 load address 0x0000000008005ef0
                0x0000000020000090                _sbss = .
                0x0000000020000090                __bss_start__ = _sbss
 *(.bss)
 .bss           0x0000000020000090       0x1c c:/st/stm32cubeide_1.3.0/stm32cubeide/plugins/com.st.stm32cube.ide.mcu.externaltools.gnu-tools-for-stm32.7-2018-q2-update.win32_1.4.0.202007081208/tools/bin/../lib/gcc/arm-none-eabi/7.3.1/thumb/v7e-m/fpv4-sp/hard/crtbegin.o
 *(.bss*)
 .bss.sequenceNumber
                0x00000000200000ac        0x6 Core/Libs/bno080.o
                0x00000000200000ac                sequenceNumber
 .bss.rawQuatI  0x00000000200000b2        0x2 Core/Libs/bno080.o
                0x00000000200000b2                rawQuatI
 .bss.rawQuatJ  0x00000000200000b4        0x2 Core/Libs/bno080.o
                0x00000000200000b4                rawQuatJ
 .bss.rawQuatK  0x00000000200000b6        0x2 Core/Libs/bno080.o
                0x00000000200000b6                rawQuatK
 .bss.rawQuatReal
                0x00000000200000b8        0x2 Core/Libs/bno080.o
                0x00000000200000b8                rawQuatReal
 .bss.rawQuatRadianAccuracy
                0x00000000200000ba        0x2 Core/Libs/bno080.o
                0x00000000200000ba                rawQuatRadianAccuracy
 .bss.bnoIntFl  0x00000000200000bc        0x1 Core/Libs/bno080.o
                0x00000000200000bc                bnoIntFl
 .bss.constantRead
                0x00000000200000bd        0x1 Core/Libs/bno080.o
                0x00000000200000bd                constantRead
 *fill*         0x00000000200000be        0x2 
 .bss.gnss_sensor
                0x00000000200000c0       0x44 Core/Src/gnss.o
                0x00000000200000c0                gnss_sensor
 *(COMMON)
 COMMON         0x0000000020000104        0xc Core/Libs/Quaternion.o
                0x0000000020000104                BNO080_Roll
                0x0000000020000108                BNO080_Yaw
                0x000000002000010c                BNO080_Pitch
 COMMON         0x0000000020000110       0xde Core/Libs/bno080.o
                0x0000000020000110                shtpHeader
                0x0000000020000114                magAccuracy
                0x0000000020000118                quatRadianAccuracy
                0x000000002000011c                timeStamp
                0x0000000020000120                rawLinAccelX
                0x0000000020000124                metaData
                0x0000000020000148                rawGyroZ
                0x000000002000014a                rawGyroY
                0x000000002000014c                rawMagX
                0x000000002000014e                accelLinAccuracy
                0x0000000020000150                rawMagZ
                0x0000000020000152                rawAccelZ
                0x0000000020000154                _activityConfidences
                0x0000000020000158                rawLinAccelZ
                0x000000002000015a                gyroAccuracy
                0x000000002000015c                rawGyroX
                0x000000002000015e                stabilityClassifier
                0x0000000020000160                shtpData
                0x00000000200001e0                rawAccelX
                0x00000000200001e2                activityClassifier
                0x00000000200001e3                calibrationStatus
                0x00000000200001e4                rawLinAccelY
                0x00000000200001e6                rawMagY
                0x00000000200001e8                accelAccuracy
                0x00000000200001ea                rawAccelY
                0x00000000200001ec                stepCount
 *fill*         0x00000000200001ee        0x2 
 COMMON         0x00000000200001f0       0x54 Core/Src/i2c.o
                0x00000000200001f0                hi2c1
 COMMON         0x0000000020000244      0x1c8 Core/Src/spi.o
                0x0000000020000244                hspi2
                0x000000002000029c                hspi3
                0x00000000200002f4                hspi1
                0x000000002000034c                hdma_spi1_rx
                0x00000000200003ac                hdma_spi1_tx
 COMMON         0x000000002000040c      0x100 Core/Src/usart.o
                0x000000002000040c                hdma_uart4_rx
                0x000000002000046c                huart4
                0x00000000200004ac                hdma_uart4_tx
 COMMON         0x000000002000050c        0x4 Drivers/STM32F4xx_HAL_Driver/Src/stm32f4xx_hal.o
                0x000000002000050c                uwTick
                0x0000000020000510                . = ALIGN (0x4)
                0x0000000020000510                _ebss = .
                0x0000000020000510                __bss_end__ = _ebss

._user_heap_stack
                0x0000000020000510     0x6000 load address 0x0000000008005ef0
                0x0000000020000510                . = ALIGN (0x8)
                [!provide]                        PROVIDE (end = .)
                [!provide]                        PROVIDE (_end = .)
                0x0000000020002510                . = (. + _Min_Heap_Size)
 *fill*         0x0000000020000510     0x2000 
                0x0000000020006510                . = (. + _Min_Stack_Size)
 *fill*         0x0000000020002510     0x4000 
                0x0000000020006510                . = ALIGN (0x8)

/DISCARD/
 libc.a(*)
 libm.a(*)
 libgcc.a(*)

.ARM.attributes
                0x0000000000000000       0x30
 *(.ARM.attributes)
 .ARM.attributes
                0x0000000000000000       0x22 c:/st/stm32cubeide_1.3.0/stm32cubeide/plugins/com.st.stm32cube.ide.mcu.externaltools.gnu-tools-for-stm32.7-2018-q2-update.win32_1.4.0.202007081208/tools/bin/../lib/gcc/arm-none-eabi/7.3.1/thumb/v7e-m/fpv4-sp/hard/crti.o
 .ARM.attributes
                0x0000000000000022       0x34 c:/st/stm32cubeide_1.3.0/stm32cubeide/plugins/com.st.stm32cube.ide.mcu.externaltools.gnu-tools-for-stm32.7-2018-q2-update.win32_1.4.0.202007081208/tools/bin/../lib/gcc/arm-none-eabi/7.3.1/thumb/v7e-m/fpv4-sp/hard/crtbegin.o
 .ARM.attributes
                0x0000000000000056       0x39 Core/Libs/Quaternion.o
 .ARM.attributes
                0x000000000000008f       0x39 Core/Libs/bno080.o
 .ARM.attributes
                0x00000000000000c8       0x39 Core/Src/dma.o
 .ARM.attributes
                0x0000000000000101       0x39 Core/Src/gnss.o
 .ARM.attributes
                0x000000000000013a       0x39 Core/Src/gpio.o
 .ARM.attributes
                0x0000000000000173       0x39 Core/Src/i2c.o
 .ARM.attributes
                0x00000000000001ac       0x39 Core/Src/main.o
 .ARM.attributes
                0x00000000000001e5       0x39 Core/Src/spi.o
 .ARM.attributes
                0x000000000000021e       0x39 Core/Src/stm32f4xx_hal_msp.o
 .ARM.attributes
                0x0000000000000257       0x39 Core/Src/stm32f4xx_it.o
 .ARM.attributes
                0x0000000000000290       0x39 Core/Src/system_stm32f4xx.o
 .ARM.attributes
                0x00000000000002c9       0x39 Core/Src/usart.o
 .ARM.attributes
                0x0000000000000302       0x21 Core/Startup/startup_stm32f405rgtx.o
 .ARM.attributes
                0x0000000000000323       0x39 Drivers/STM32F4xx_HAL_Driver/Src/stm32f4xx_hal.o
 .ARM.attributes
                0x000000000000035c       0x39 Drivers/STM32F4xx_HAL_Driver/Src/stm32f4xx_hal_cortex.o
 .ARM.attributes
                0x0000000000000395       0x39 Drivers/STM32F4xx_HAL_Driver/Src/stm32f4xx_hal_dma.o
 .ARM.attributes
                0x00000000000003ce       0x39 Drivers/STM32F4xx_HAL_Driver/Src/stm32f4xx_hal_gpio.o
 .ARM.attributes
                0x0000000000000407       0x39 Drivers/STM32F4xx_HAL_Driver/Src/stm32f4xx_hal_i2c.o
 .ARM.attributes
                0x0000000000000440       0x39 Drivers/STM32F4xx_HAL_Driver/Src/stm32f4xx_hal_rcc.o
 .ARM.attributes
                0x0000000000000479       0x39 Drivers/STM32F4xx_HAL_Driver/Src/stm32f4xx_hal_spi.o
 .ARM.attributes
                0x00000000000004b2       0x39 Drivers/STM32F4xx_HAL_Driver/Src/stm32f4xx_hal_uart.o
 .ARM.attributes
                0x00000000000004eb       0x34 c:/st/stm32cubeide_1.3.0/stm32cubeide/plugins/com.st.stm32cube.ide.mcu.externaltools.gnu-tools-for-stm32.7-2018-q2-update.win32_1.4.0.202007081208/tools/bin/../lib/gcc/arm-none-eabi/7.3.1/../../../../arm-none-eabi/lib/thumb/v7e-m/fpv4-sp/hard\libm.a(lib_a-wf_asin.o)
 .ARM.attributes
                0x000000000000051f       0x34 c:/st/stm32cubeide_1.3.0/stm32cubeide/plugins/com.st.stm32cube.ide.mcu.externaltools.gnu-tools-for-stm32.7-2018-q2-update.win32_1.4.0.202007081208/tools/bin/../lib/gcc/arm-none-eabi/7.3.1/../../../../arm-none-eabi/lib/thumb/v7e-m/fpv4-sp/hard\libm.a(lib_a-wf_atan2.o)
 .ARM.attributes
                0x0000000000000553       0x34 c:/st/stm32cubeide_1.3.0/stm32cubeide/plugins/com.st.stm32cube.ide.mcu.externaltools.gnu-tools-for-stm32.7-2018-q2-update.win32_1.4.0.202007081208/tools/bin/../lib/gcc/arm-none-eabi/7.3.1/../../../../arm-none-eabi/lib/thumb/v7e-m/fpv4-sp/hard\libm.a(lib_a-wf_pow.o)
 .ARM.attributes
                0x0000000000000587       0x34 c:/st/stm32cubeide_1.3.0/stm32cubeide/plugins/com.st.stm32cube.ide.mcu.externaltools.gnu-tools-for-stm32.7-2018-q2-update.win32_1.4.0.202007081208/tools/bin/../lib/gcc/arm-none-eabi/7.3.1/../../../../arm-none-eabi/lib/thumb/v7e-m/fpv4-sp/hard\libm.a(lib_a-ef_asin.o)
 .ARM.attributes
                0x00000000000005bb       0x34 c:/st/stm32cubeide_1.3.0/stm32cubeide/plugins/com.st.stm32cube.ide.mcu.externaltools.gnu-tools-for-stm32.7-2018-q2-update.win32_1.4.0.202007081208/tools/bin/../lib/gcc/arm-none-eabi/7.3.1/../../../../arm-none-eabi/lib/thumb/v7e-m/fpv4-sp/hard\libm.a(lib_a-ef_atan2.o)
 .ARM.attributes
                0x00000000000005ef       0x34 c:/st/stm32cubeide_1.3.0/stm32cubeide/plugins/com.st.stm32cube.ide.mcu.externaltools.gnu-tools-for-stm32.7-2018-q2-update.win32_1.4.0.202007081208/tools/bin/../lib/gcc/arm-none-eabi/7.3.1/../../../../arm-none-eabi/lib/thumb/v7e-m/fpv4-sp/hard\libm.a(lib_a-ef_pow.o)
 .ARM.attributes
                0x0000000000000623       0x34 c:/st/stm32cubeide_1.3.0/stm32cubeide/plugins/com.st.stm32cube.ide.mcu.externaltools.gnu-tools-for-stm32.7-2018-q2-update.win32_1.4.0.202007081208/tools/bin/../lib/gcc/arm-none-eabi/7.3.1/../../../../arm-none-eabi/lib/thumb/v7e-m/fpv4-sp/hard\libm.a(lib_a-ef_sqrt.o)
 .ARM.attributes
                0x0000000000000657       0x34 c:/st/stm32cubeide_1.3.0/stm32cubeide/plugins/com.st.stm32cube.ide.mcu.externaltools.gnu-tools-for-stm32.7-2018-q2-update.win32_1.4.0.202007081208/tools/bin/../lib/gcc/arm-none-eabi/7.3.1/../../../../arm-none-eabi/lib/thumb/v7e-m/fpv4-sp/hard\libm.a(lib_a-s_lib_ver.o)
 .ARM.attributes
                0x000000000000068b       0x34 c:/st/stm32cubeide_1.3.0/stm32cubeide/plugins/com.st.stm32cube.ide.mcu.externaltools.gnu-tools-for-stm32.7-2018-q2-update.win32_1.4.0.202007081208/tools/bin/../lib/gcc/arm-none-eabi/7.3.1/../../../../arm-none-eabi/lib/thumb/v7e-m/fpv4-sp/hard\libm.a(lib_a-s_matherr.o)
 .ARM.attributes
                0x00000000000006bf       0x34 c:/st/stm32cubeide_1.3.0/stm32cubeide/plugins/com.st.stm32cube.ide.mcu.externaltools.gnu-tools-for-stm32.7-2018-q2-update.win32_1.4.0.202007081208/tools/bin/../lib/gcc/arm-none-eabi/7.3.1/../../../../arm-none-eabi/lib/thumb/v7e-m/fpv4-sp/hard\libm.a(lib_a-s_nan.o)
 .ARM.attributes
                0x00000000000006f3       0x34 c:/st/stm32cubeide_1.3.0/stm32cubeide/plugins/com.st.stm32cube.ide.mcu.externaltools.gnu-tools-for-stm32.7-2018-q2-update.win32_1.4.0.202007081208/tools/bin/../lib/gcc/arm-none-eabi/7.3.1/../../../../arm-none-eabi/lib/thumb/v7e-m/fpv4-sp/hard\libm.a(lib_a-sf_atan.o)
 .ARM.attributes
                0x0000000000000727       0x34 c:/st/stm32cubeide_1.3.0/stm32cubeide/plugins/com.st.stm32cube.ide.mcu.externaltools.gnu-tools-for-stm32.7-2018-q2-update.win32_1.4.0.202007081208/tools/bin/../lib/gcc/arm-none-eabi/7.3.1/../../../../arm-none-eabi/lib/thumb/v7e-m/fpv4-sp/hard\libm.a(lib_a-sf_fabs.o)
 .ARM.attributes
                0x000000000000075b       0x34 c:/st/stm32cubeide_1.3.0/stm32cubeide/plugins/com.st.stm32cube.ide.mcu.externaltools.gnu-tools-for-stm32.7-2018-q2-update.win32_1.4.0.202007081208/tools/bin/../lib/gcc/arm-none-eabi/7.3.1/../../../../arm-none-eabi/lib/thumb/v7e-m/fpv4-sp/hard\libm.a(lib_a-sf_finite.o)
 .ARM.attributes
                0x000000000000078f       0x34 c:/st/stm32cubeide_1.3.0/stm32cubeide/plugins/com.st.stm32cube.ide.mcu.externaltools.gnu-tools-for-stm32.7-2018-q2-update.win32_1.4.0.202007081208/tools/bin/../lib/gcc/arm-none-eabi/7.3.1/../../../../arm-none-eabi/lib/thumb/v7e-m/fpv4-sp/hard\libm.a(lib_a-sf_nan.o)
 .ARM.attributes
                0x00000000000007c3       0x34 c:/st/stm32cubeide_1.3.0/stm32cubeide/plugins/com.st.stm32cube.ide.mcu.externaltools.gnu-tools-for-stm32.7-2018-q2-update.win32_1.4.0.202007081208/tools/bin/../lib/gcc/arm-none-eabi/7.3.1/../../../../arm-none-eabi/lib/thumb/v7e-m/fpv4-sp/hard\libm.a(lib_a-sf_rint.o)
 .ARM.attributes
                0x00000000000007f7       0x34 c:/st/stm32cubeide_1.3.0/stm32cubeide/plugins/com.st.stm32cube.ide.mcu.externaltools.gnu-tools-for-stm32.7-2018-q2-update.win32_1.4.0.202007081208/tools/bin/../lib/gcc/arm-none-eabi/7.3.1/../../../../arm-none-eabi/lib/thumb/v7e-m/fpv4-sp/hard\libm.a(lib_a-sf_scalbn.o)
 .ARM.attributes
                0x000000000000082b       0x34 c:/st/stm32cubeide_1.3.0/stm32cubeide/plugins/com.st.stm32cube.ide.mcu.externaltools.gnu-tools-for-stm32.7-2018-q2-update.win32_1.4.0.202007081208/tools/bin/../lib/gcc/arm-none-eabi/7.3.1/../../../../arm-none-eabi/lib/thumb/v7e-m/fpv4-sp/hard\libm.a(lib_a-sf_copysign.o)
 .ARM.attributes
                0x000000000000085f       0x34 c:/st/stm32cubeide_1.3.0/stm32cubeide/plugins/com.st.stm32cube.ide.mcu.externaltools.gnu-tools-for-stm32.7-2018-q2-update.win32_1.4.0.202007081208/tools/bin/../lib/gcc/arm-none-eabi/7.3.1/../../../../arm-none-eabi/lib/thumb/v7e-m/fpv4-sp/hard\libc_nano.a(lib_a-errno.o)
 .ARM.attributes
                0x0000000000000893       0x34 c:/st/stm32cubeide_1.3.0/stm32cubeide/plugins/com.st.stm32cube.ide.mcu.externaltools.gnu-tools-for-stm32.7-2018-q2-update.win32_1.4.0.202007081208/tools/bin/../lib/gcc/arm-none-eabi/7.3.1/../../../../arm-none-eabi/lib/thumb/v7e-m/fpv4-sp/hard\libc_nano.a(lib_a-impure.o)
 .ARM.attributes
                0x00000000000008c7       0x34 c:/st/stm32cubeide_1.3.0/stm32cubeide/plugins/com.st.stm32cube.ide.mcu.externaltools.gnu-tools-for-stm32.7-2018-q2-update.win32_1.4.0.202007081208/tools/bin/../lib/gcc/arm-none-eabi/7.3.1/../../../../arm-none-eabi/lib/thumb/v7e-m/fpv4-sp/hard\libc_nano.a(lib_a-init.o)
 .ARM.attributes
                0x00000000000008fb       0x34 c:/st/stm32cubeide_1.3.0/stm32cubeide/plugins/com.st.stm32cube.ide.mcu.externaltools.gnu-tools-for-stm32.7-2018-q2-update.win32_1.4.0.202007081208/tools/bin/../lib/gcc/arm-none-eabi/7.3.1/../../../../arm-none-eabi/lib/thumb/v7e-m/fpv4-sp/hard\libc_nano.a(lib_a-memset.o)
 .ARM.attributes
                0x000000000000092f       0x22 c:/st/stm32cubeide_1.3.0/stm32cubeide/plugins/com.st.stm32cube.ide.mcu.externaltools.gnu-tools-for-stm32.7-2018-q2-update.win32_1.4.0.202007081208/tools/bin/../lib/gcc/arm-none-eabi/7.3.1/thumb/v7e-m/fpv4-sp/hard\libgcc.a(_arm_addsubdf3.o)
 .ARM.attributes
                0x0000000000000951       0x22 c:/st/stm32cubeide_1.3.0/stm32cubeide/plugins/com.st.stm32cube.ide.mcu.externaltools.gnu-tools-for-stm32.7-2018-q2-update.win32_1.4.0.202007081208/tools/bin/../lib/gcc/arm-none-eabi/7.3.1/thumb/v7e-m/fpv4-sp/hard\libgcc.a(_arm_truncdfsf2.o)
 .ARM.attributes
                0x0000000000000973       0x22 c:/st/stm32cubeide_1.3.0/stm32cubeide/plugins/com.st.stm32cube.ide.mcu.externaltools.gnu-tools-for-stm32.7-2018-q2-update.win32_1.4.0.202007081208/tools/bin/../lib/gcc/arm-none-eabi/7.3.1/thumb/v7e-m/fpv4-sp/hard\libgcc.a(_aeabi_uldivmod.o)
 .ARM.attributes
                0x0000000000000995       0x34 c:/st/stm32cubeide_1.3.0/stm32cubeide/plugins/com.st.stm32cube.ide.mcu.externaltools.gnu-tools-for-stm32.7-2018-q2-update.win32_1.4.0.202007081208/tools/bin/../lib/gcc/arm-none-eabi/7.3.1/thumb/v7e-m/fpv4-sp/hard\libgcc.a(_udivmoddi4.o)
 .ARM.attributes
                0x00000000000009c9       0x22 c:/st/stm32cubeide_1.3.0/stm32cubeide/plugins/com.st.stm32cube.ide.mcu.externaltools.gnu-tools-for-stm32.7-2018-q2-update.win32_1.4.0.202007081208/tools/bin/../lib/gcc/arm-none-eabi/7.3.1/thumb/v7e-m/fpv4-sp/hard\libgcc.a(_dvmd_tls.o)
 .ARM.attributes
                0x00000000000009eb       0x22 c:/st/stm32cubeide_1.3.0/stm32cubeide/plugins/com.st.stm32cube.ide.mcu.externaltools.gnu-tools-for-stm32.7-2018-q2-update.win32_1.4.0.202007081208/tools/bin/../lib/gcc/arm-none-eabi/7.3.1/thumb/v7e-m/fpv4-sp/hard/crtn.o
OUTPUT(STM32F405_DJI_rpi_shield.elf elf32-littlearm)

.debug_info     0x0000000000000000    0x11047
 .debug_info    0x0000000000000000      0x9cc Core/Libs/Quaternion.o
 .debug_info    0x00000000000009cc     0x19ff Core/Libs/bno080.o
 .debug_info    0x00000000000023cb      0x574 Core/Src/dma.o
 .debug_info    0x000000000000293f     0x175e Core/Src/gnss.o
 .debug_info    0x000000000000409d      0x6da Core/Src/gpio.o
 .debug_info    0x0000000000004777      0x9dd Core/Src/i2c.o
 .debug_info    0x0000000000005154     0x1aaf Core/Src/main.o
 .debug_info    0x0000000000006c03      0xce6 Core/Src/spi.o
 .debug_info    0x00000000000078e9      0x362 Core/Src/stm32f4xx_hal_msp.o
 .debug_info    0x0000000000007c4b      0x775 Core/Src/stm32f4xx_it.o
 .debug_info    0x00000000000083c0      0x554 Core/Src/system_stm32f4xx.o
 .debug_info    0x0000000000008914      0x96c Core/Src/usart.o
 .debug_info    0x0000000000009280       0x22 Core/Startup/startup_stm32f405rgtx.o
 .debug_info    0x00000000000092a2      0x933 Drivers/STM32F4xx_HAL_Driver/Src/stm32f4xx_hal.o
 .debug_info    0x0000000000009bd5      0xe16 Drivers/STM32F4xx_HAL_Driver/Src/stm32f4xx_hal_cortex.o
 .debug_info    0x000000000000a9eb      0x968 Drivers/STM32F4xx_HAL_Driver/Src/stm32f4xx_hal_dma.o
 .debug_info    0x000000000000b353      0x7b5 Drivers/STM32F4xx_HAL_Driver/Src/stm32f4xx_hal_gpio.o
 .debug_info    0x000000000000bb08     0x23b5 Drivers/STM32F4xx_HAL_Driver/Src/stm32f4xx_hal_i2c.o
 .debug_info    0x000000000000debd      0x904 Drivers/STM32F4xx_HAL_Driver/Src/stm32f4xx_hal_rcc.o
 .debug_info    0x000000000000e7c1     0x163a Drivers/STM32F4xx_HAL_Driver/Src/stm32f4xx_hal_spi.o
 .debug_info    0x000000000000fdfb     0x124c Drivers/STM32F4xx_HAL_Driver/Src/stm32f4xx_hal_uart.o

.debug_abbrev   0x0000000000000000     0x28aa
 .debug_abbrev  0x0000000000000000      0x1f1 Core/Libs/Quaternion.o
 .debug_abbrev  0x00000000000001f1      0x2ec Core/Libs/bno080.o
 .debug_abbrev  0x00000000000004dd      0x112 Core/Src/dma.o
 .debug_abbrev  0x00000000000005ef      0x473 Core/Src/gnss.o
 .debug_abbrev  0x0000000000000a62      0x13d Core/Src/gpio.o
 .debug_abbrev  0x0000000000000b9f      0x199 Core/Src/i2c.o
 .debug_abbrev  0x0000000000000d38      0x291 Core/Src/main.o
 .debug_abbrev  0x0000000000000fc9      0x1b3 Core/Src/spi.o
 .debug_abbrev  0x000000000000117c      0x109 Core/Src/stm32f4xx_hal_msp.o
 .debug_abbrev  0x0000000000001285      0x170 Core/Src/stm32f4xx_it.o
 .debug_abbrev  0x00000000000013f5      0x12b Core/Src/system_stm32f4xx.o
 .debug_abbrev  0x0000000000001520      0x1aa Core/Src/usart.o
 .debug_abbrev  0x00000000000016ca       0x12 Core/Startup/startup_stm32f405rgtx.o
 .debug_abbrev  0x00000000000016dc      0x1c7 Drivers/STM32F4xx_HAL_Driver/Src/stm32f4xx_hal.o
 .debug_abbrev  0x00000000000018a3      0x2fa Drivers/STM32F4xx_HAL_Driver/Src/stm32f4xx_hal_cortex.o
 .debug_abbrev  0x0000000000001b9d      0x229 Drivers/STM32F4xx_HAL_Driver/Src/stm32f4xx_hal_dma.o
 .debug_abbrev  0x0000000000001dc6      0x1c9 Drivers/STM32F4xx_HAL_Driver/Src/stm32f4xx_hal_gpio.o
 .debug_abbrev  0x0000000000001f8f      0x254 Drivers/STM32F4xx_HAL_Driver/Src/stm32f4xx_hal_i2c.o
 .debug_abbrev  0x00000000000021e3      0x245 Drivers/STM32F4xx_HAL_Driver/Src/stm32f4xx_hal_rcc.o
 .debug_abbrev  0x0000000000002428      0x240 Drivers/STM32F4xx_HAL_Driver/Src/stm32f4xx_hal_spi.o
 .debug_abbrev  0x0000000000002668      0x242 Drivers/STM32F4xx_HAL_Driver/Src/stm32f4xx_hal_uart.o

.debug_aranges  0x0000000000000000      0xd98
 .debug_aranges
                0x0000000000000000       0x28 Core/Libs/Quaternion.o
 .debug_aranges
                0x0000000000000028      0x118 Core/Libs/bno080.o
 .debug_aranges
                0x0000000000000140       0x20 Core/Src/dma.o
 .debug_aranges
                0x0000000000000160       0x88 Core/Src/gnss.o
 .debug_aranges
                0x00000000000001e8       0x20 Core/Src/gpio.o
 .debug_aranges
                0x0000000000000208       0x30 Core/Src/i2c.o
 .debug_aranges
                0x0000000000000238       0x40 Core/Src/main.o
 .debug_aranges
                0x0000000000000278       0x40 Core/Src/spi.o
 .debug_aranges
                0x00000000000002b8       0x20 Core/Src/stm32f4xx_hal_msp.o
 .debug_aranges
                0x00000000000002d8       0x90 Core/Src/stm32f4xx_it.o
 .debug_aranges
                0x0000000000000368       0x28 Core/Src/system_stm32f4xx.o
 .debug_aranges
                0x0000000000000390       0x30 Core/Src/usart.o
 .debug_aranges
                0x00000000000003c0       0x28 Core/Startup/startup_stm32f405rgtx.o
 .debug_aranges
                0x00000000000003e8       0xf0 Drivers/STM32F4xx_HAL_Driver/Src/stm32f4xx_hal.o
 .debug_aranges
                0x00000000000004d8      0x118 Drivers/STM32F4xx_HAL_Driver/Src/stm32f4xx_hal_cortex.o
 .debug_aranges
                0x00000000000005f0       0x90 Drivers/STM32F4xx_HAL_Driver/Src/stm32f4xx_hal_dma.o
 .debug_aranges
                0x0000000000000680       0x58 Drivers/STM32F4xx_HAL_Driver/Src/stm32f4xx_hal_gpio.o
 .debug_aranges
                0x00000000000006d8      0x298 Drivers/STM32F4xx_HAL_Driver/Src/stm32f4xx_hal_i2c.o
 .debug_aranges
                0x0000000000000970       0x88 Drivers/STM32F4xx_HAL_Driver/Src/stm32f4xx_hal_rcc.o
 .debug_aranges
                0x00000000000009f8      0x1d0 Drivers/STM32F4xx_HAL_Driver/Src/stm32f4xx_hal_spi.o
 .debug_aranges
                0x0000000000000bc8      0x1d0 Drivers/STM32F4xx_HAL_Driver/Src/stm32f4xx_hal_uart.o

.debug_ranges   0x0000000000000000      0xc70
 .debug_ranges  0x0000000000000000       0x18 Core/Libs/Quaternion.o
 .debug_ranges  0x0000000000000018      0x108 Core/Libs/bno080.o
 .debug_ranges  0x0000000000000120       0x10 Core/Src/dma.o
 .debug_ranges  0x0000000000000130       0x78 Core/Src/gnss.o
 .debug_ranges  0x00000000000001a8       0x10 Core/Src/gpio.o
 .debug_ranges  0x00000000000001b8       0x20 Core/Src/i2c.o
 .debug_ranges  0x00000000000001d8       0x30 Core/Src/main.o
 .debug_ranges  0x0000000000000208       0x30 Core/Src/spi.o
 .debug_ranges  0x0000000000000238       0x10 Core/Src/stm32f4xx_hal_msp.o
 .debug_ranges  0x0000000000000248       0x80 Core/Src/stm32f4xx_it.o
 .debug_ranges  0x00000000000002c8       0x18 Core/Src/system_stm32f4xx.o
 .debug_ranges  0x00000000000002e0       0x20 Core/Src/usart.o
 .debug_ranges  0x0000000000000300       0x20 Core/Startup/startup_stm32f405rgtx.o
 .debug_ranges  0x0000000000000320       0xe0 Drivers/STM32F4xx_HAL_Driver/Src/stm32f4xx_hal.o
 .debug_ranges  0x0000000000000400      0x108 Drivers/STM32F4xx_HAL_Driver/Src/stm32f4xx_hal_cortex.o
 .debug_ranges  0x0000000000000508       0x80 Drivers/STM32F4xx_HAL_Driver/Src/stm32f4xx_hal_dma.o
 .debug_ranges  0x0000000000000588       0x48 Drivers/STM32F4xx_HAL_Driver/Src/stm32f4xx_hal_gpio.o
 .debug_ranges  0x00000000000005d0      0x2a8 Drivers/STM32F4xx_HAL_Driver/Src/stm32f4xx_hal_i2c.o
 .debug_ranges  0x0000000000000878       0x78 Drivers/STM32F4xx_HAL_Driver/Src/stm32f4xx_hal_rcc.o
 .debug_ranges  0x00000000000008f0      0x1c0 Drivers/STM32F4xx_HAL_Driver/Src/stm32f4xx_hal_spi.o
 .debug_ranges  0x0000000000000ab0      0x1c0 Drivers/STM32F4xx_HAL_Driver/Src/stm32f4xx_hal_uart.o

.debug_macro    0x0000000000000000     0x5f9f
 .debug_macro   0x0000000000000000       0xe5 Core/Libs/Quaternion.o
 .debug_macro   0x00000000000000e5      0xa5a Core/Libs/Quaternion.o
 .debug_macro   0x0000000000000b3f       0x22 Core/Libs/Quaternion.o
 .debug_macro   0x0000000000000b61       0x40 Core/Libs/Quaternion.o
 .debug_macro   0x0000000000000ba1       0x18 Core/Libs/Quaternion.o
 .debug_macro   0x0000000000000bb9       0x94 Core/Libs/Quaternion.o
 .debug_macro   0x0000000000000c4d       0x3c Core/Libs/Quaternion.o
 .debug_macro   0x0000000000000c89       0x34 Core/Libs/Quaternion.o
 .debug_macro   0x0000000000000cbd      0x174 Core/Libs/Quaternion.o
 .debug_macro   0x0000000000000e31       0x57 Core/Libs/Quaternion.o
 .debug_macro   0x0000000000000e88       0x52 Core/Libs/Quaternion.o
 .debug_macro   0x0000000000000eda       0x1f Core/Libs/Quaternion.o
 .debug_macro   0x0000000000000ef9       0x43 Core/Libs/Quaternion.o
 .debug_macro   0x0000000000000f3c       0x20 Core/Libs/Quaternion.o
 .debug_macro   0x0000000000000f5c      0x1a3 Core/Libs/Quaternion.o
 .debug_macro   0x00000000000010ff      0x330 Core/Libs/Quaternion.o
 .debug_macro   0x000000000000142f      0x1e1 Core/Libs/Quaternion.o
 .debug_macro   0x0000000000001610      0x2b2 Core/Libs/bno080.o
 .debug_macro   0x00000000000018c2       0x46 Core/Libs/bno080.o
 .debug_macro   0x0000000000001908      0x32a Core/Libs/bno080.o
 .debug_macro   0x0000000000001c32      0x166 Core/Libs/bno080.o
 .debug_macro   0x0000000000001d98      0x1f7 Core/Src/dma.o
 .debug_macro   0x0000000000001f8f      0x1ba Core/Src/gnss.o
 .debug_macro   0x0000000000002149      0xb2c Core/Src/gnss.o
 .debug_macro   0x0000000000002c75      0x168 Core/Src/gnss.o
 .debug_macro   0x0000000000002ddd       0x10 Core/Src/gnss.o
 .debug_macro   0x0000000000002ded      0x3f4 Core/Src/gnss.o
 .debug_macro   0x00000000000031e1       0x18 Core/Src/gnss.o
 .debug_macro   0x00000000000031f9       0x34 Core/Src/gnss.o
 .debug_macro   0x000000000000322d      0x17b Core/Src/gnss.o
 .debug_macro   0x00000000000033a8       0x43 Core/Src/gnss.o
 .debug_macro   0x00000000000033eb      0x353 Core/Src/gnss.o
 .debug_macro   0x000000000000373e      0x1da Core/Src/gnss.o
 .debug_macro   0x0000000000003918       0x10 Core/Src/gnss.o
 .debug_macro   0x0000000000003928       0x16 Core/Src/gnss.o
 .debug_macro   0x000000000000393e       0x35 Core/Src/gnss.o
 .debug_macro   0x0000000000003973       0x16 Core/Src/gnss.o
 .debug_macro   0x0000000000003989       0x29 Core/Src/gnss.o
 .debug_macro   0x00000000000039b2       0x10 Core/Src/gnss.o
 .debug_macro   0x00000000000039c2      0x3c7 Core/Src/gnss.o
 .debug_macro   0x0000000000003d89       0x1c Core/Src/gnss.o
 .debug_macro   0x0000000000003da5       0x10 Core/Src/gnss.o
 .debug_macro   0x0000000000003db5       0x52 Core/Src/gnss.o
 .debug_macro   0x0000000000003e07      0x1f7 Core/Src/gpio.o
 .debug_macro   0x0000000000003ffe      0x1f7 Core/Src/i2c.o
 .debug_macro   0x00000000000041f5      0x32f Core/Src/main.o
 .debug_macro   0x0000000000004524       0x16 Core/Src/main.o
 .debug_macro   0x000000000000453a       0x35 Core/Src/main.o
 .debug_macro   0x000000000000456f       0x20 Core/Src/main.o
 .debug_macro   0x000000000000458f       0x16 Core/Src/main.o
 .debug_macro   0x00000000000045a5       0x22 Core/Src/main.o
 .debug_macro   0x00000000000045c7       0x22 Core/Src/main.o
 .debug_macro   0x00000000000045e9      0x1f7 Core/Src/spi.o
 .debug_macro   0x00000000000047e0      0x1ed Core/Src/stm32f4xx_hal_msp.o
 .debug_macro   0x00000000000049cd      0x1f7 Core/Src/stm32f4xx_it.o
 .debug_macro   0x0000000000004bc4      0x1e4 Core/Src/system_stm32f4xx.o
 .debug_macro   0x0000000000004da8      0x1f7 Core/Src/usart.o
 .debug_macro   0x0000000000004f9f      0x23e Drivers/STM32F4xx_HAL_Driver/Src/stm32f4xx_hal.o
 .debug_macro   0x00000000000051dd      0x1de Drivers/STM32F4xx_HAL_Driver/Src/stm32f4xx_hal_cortex.o
 .debug_macro   0x00000000000053bb      0x1e4 Drivers/STM32F4xx_HAL_Driver/Src/stm32f4xx_hal_dma.o
 .debug_macro   0x000000000000559f      0x214 Drivers/STM32F4xx_HAL_Driver/Src/stm32f4xx_hal_gpio.o
 .debug_macro   0x00000000000057b3      0x21e Drivers/STM32F4xx_HAL_Driver/Src/stm32f4xx_hal_i2c.o
 .debug_macro   0x00000000000059d1      0x202 Drivers/STM32F4xx_HAL_Driver/Src/stm32f4xx_hal_rcc.o
 .debug_macro   0x0000000000005bd3      0x1ed Drivers/STM32F4xx_HAL_Driver/Src/stm32f4xx_hal_spi.o
 .debug_macro   0x0000000000005dc0      0x1df Drivers/STM32F4xx_HAL_Driver/Src/stm32f4xx_hal_uart.o

.debug_line     0x0000000000000000     0xc826
 .debug_line    0x0000000000000000      0x4d0 Core/Libs/Quaternion.o
 .debug_line    0x00000000000004d0      0xb16 Core/Libs/bno080.o
 .debug_line    0x0000000000000fe6      0x6da Core/Src/dma.o
 .debug_line    0x00000000000016c0      0xad9 Core/Src/gnss.o
 .debug_line    0x0000000000002199      0x70b Core/Src/gpio.o
 .debug_line    0x00000000000028a4      0x70a Core/Src/i2c.o
 .debug_line    0x0000000000002fae      0x957 Core/Src/main.o
 .debug_line    0x0000000000003905      0x7ac Core/Src/spi.o
 .debug_line    0x00000000000040b1      0x6d8 Core/Src/stm32f4xx_hal_msp.o
 .debug_line    0x0000000000004789      0x7e8 Core/Src/stm32f4xx_it.o
 .debug_line    0x0000000000004f71      0x6f3 Core/Src/system_stm32f4xx.o
 .debug_line    0x0000000000005664      0x728 Core/Src/usart.o
 .debug_line    0x0000000000005d8c       0x85 Core/Startup/startup_stm32f405rgtx.o
 .debug_line    0x0000000000005e11      0x8dd Drivers/STM32F4xx_HAL_Driver/Src/stm32f4xx_hal.o
 .debug_line    0x00000000000066ee      0xa01 Drivers/STM32F4xx_HAL_Driver/Src/stm32f4xx_hal_cortex.o
 .debug_line    0x00000000000070ef      0x9ab Drivers/STM32F4xx_HAL_Driver/Src/stm32f4xx_hal_dma.o
 .debug_line    0x0000000000007a9a      0x8bc Drivers/STM32F4xx_HAL_Driver/Src/stm32f4xx_hal_gpio.o
 .debug_line    0x0000000000008356     0x1b17 Drivers/STM32F4xx_HAL_Driver/Src/stm32f4xx_hal_i2c.o
 .debug_line    0x0000000000009e6d      0x935 Drivers/STM32F4xx_HAL_Driver/Src/stm32f4xx_hal_rcc.o
 .debug_line    0x000000000000a7a2     0x1099 Drivers/STM32F4xx_HAL_Driver/Src/stm32f4xx_hal_spi.o
 .debug_line    0x000000000000b83b      0xfeb Drivers/STM32F4xx_HAL_Driver/Src/stm32f4xx_hal_uart.o

.debug_str      0x0000000000000000    0xbe56e
 .debug_str     0x0000000000000000     0x6a63 Core/Libs/Quaternion.o
                                       0x6c46 (size before relaxing)
 .debug_str     0x0000000000006a63    0xb218d Core/Libs/bno080.o
                                      0xb8f9e (size before relaxing)
 .debug_str     0x00000000000b8bf0      0x125 Core/Src/dma.o
                                      0xb4637 (size before relaxing)
 .debug_str     0x00000000000b8d15     0x2833 Core/Src/gnss.o
                                       0x9d76 (size before relaxing)
 .debug_str     0x00000000000bb548       0x5a Core/Src/gpio.o
                                      0xb46d7 (size before relaxing)
 .debug_str     0x00000000000bb5a2      0x2d4 Core/Src/i2c.o
                                      0xb471e (size before relaxing)
 .debug_str     0x00000000000bb876      0x494 Core/Src/main.o
                                      0xb8df3 (size before relaxing)
 .debug_str     0x00000000000bbd0a       0x7f Core/Src/spi.o
                                      0xb4b74 (size before relaxing)
 .debug_str     0x00000000000bbd89       0x2c Core/Src/stm32f4xx_hal_msp.o
                                      0xb416f (size before relaxing)
 .debug_str     0x00000000000bbdb5      0x15e Core/Src/stm32f4xx_it.o
                                      0xb45fa (size before relaxing)
 .debug_str     0x00000000000bbf13       0xc4 Core/Src/system_stm32f4xx.o
                                      0xb413c (size before relaxing)
 .debug_str     0x00000000000bbfd7       0x51 Core/Src/usart.o
                                      0xb4660 (size before relaxing)
 .debug_str     0x00000000000bc028       0x36 Core/Startup/startup_stm32f405rgtx.o
                                         0x5f (size before relaxing)
 .debug_str     0x00000000000bc05e      0x583 Drivers/STM32F4xx_HAL_Driver/Src/stm32f4xx_hal.o
                                      0xb4be8 (size before relaxing)
 .debug_str     0x00000000000bc5e1      0x389 Drivers/STM32F4xx_HAL_Driver/Src/stm32f4xx_hal_cortex.o
                                      0xb49d7 (size before relaxing)
 .debug_str     0x00000000000bc96a      0x322 Drivers/STM32F4xx_HAL_Driver/Src/stm32f4xx_hal_dma.o
                                      0xb4551 (size before relaxing)
 .debug_str     0x00000000000bcc8c      0x1ec Drivers/STM32F4xx_HAL_Driver/Src/stm32f4xx_hal_gpio.o
                                      0xb437b (size before relaxing)
 .debug_str     0x00000000000bce78      0xa85 Drivers/STM32F4xx_HAL_Driver/Src/stm32f4xx_hal_i2c.o
                                      0xb5085 (size before relaxing)
 .debug_str     0x00000000000bd8fd      0x24e Drivers/STM32F4xx_HAL_Driver/Src/stm32f4xx_hal_rcc.o
                                      0xb4529 (size before relaxing)
 .debug_str     0x00000000000bdb4b      0x52e Drivers/STM32F4xx_HAL_Driver/Src/stm32f4xx_hal_spi.o
                                      0xb49aa (size before relaxing)
 .debug_str     0x00000000000be079      0x4f5 Drivers/STM32F4xx_HAL_Driver/Src/stm32f4xx_hal_uart.o
                                      0xb4988 (size before relaxing)

.comment        0x0000000000000000       0x7b
 .comment       0x0000000000000000       0x7b Core/Libs/Quaternion.o
                                         0x7c (size before relaxing)
 .comment       0x000000000000007b       0x7c Core/Libs/bno080.o
 .comment       0x000000000000007b       0x7c Core/Src/dma.o
 .comment       0x000000000000007b       0x7c Core/Src/gnss.o
 .comment       0x000000000000007b       0x7c Core/Src/gpio.o
 .comment       0x000000000000007b       0x7c Core/Src/i2c.o
 .comment       0x000000000000007b       0x7c Core/Src/main.o
 .comment       0x000000000000007b       0x7c Core/Src/spi.o
 .comment       0x000000000000007b       0x7c Core/Src/stm32f4xx_hal_msp.o
 .comment       0x000000000000007b       0x7c Core/Src/stm32f4xx_it.o
 .comment       0x000000000000007b       0x7c Core/Src/system_stm32f4xx.o
 .comment       0x000000000000007b       0x7c Core/Src/usart.o
 .comment       0x000000000000007b       0x7c Drivers/STM32F4xx_HAL_Driver/Src/stm32f4xx_hal.o
 .comment       0x000000000000007b       0x7c Drivers/STM32F4xx_HAL_Driver/Src/stm32f4xx_hal_cortex.o
 .comment       0x000000000000007b       0x7c Drivers/STM32F4xx_HAL_Driver/Src/stm32f4xx_hal_dma.o
 .comment       0x000000000000007b       0x7c Drivers/STM32F4xx_HAL_Driver/Src/stm32f4xx_hal_gpio.o
 .comment       0x000000000000007b       0x7c Drivers/STM32F4xx_HAL_Driver/Src/stm32f4xx_hal_i2c.o
 .comment       0x000000000000007b       0x7c Drivers/STM32F4xx_HAL_Driver/Src/stm32f4xx_hal_rcc.o
 .comment       0x000000000000007b       0x7c Drivers/STM32F4xx_HAL_Driver/Src/stm32f4xx_hal_spi.o
 .comment       0x000000000000007b       0x7c Drivers/STM32F4xx_HAL_Driver/Src/stm32f4xx_hal_uart.o

.debug_frame    0x0000000000000000     0x3a90
 .debug_frame   0x0000000000000000       0x60 Core/Libs/Quaternion.o
 .debug_frame   0x0000000000000060      0x438 Core/Libs/bno080.o
 .debug_frame   0x0000000000000498       0x34 Core/Src/dma.o
 .debug_frame   0x00000000000004cc      0x214 Core/Src/gnss.o
 .debug_frame   0x00000000000006e0       0x34 Core/Src/gpio.o
 .debug_frame   0x0000000000000714       0x74 Core/Src/i2c.o
 .debug_frame   0x0000000000000788       0xc0 Core/Src/main.o
 .debug_frame   0x0000000000000848       0xb0 Core/Src/spi.o
 .debug_frame   0x00000000000008f8       0x38 Core/Src/stm32f4xx_hal_msp.o
 .debug_frame   0x0000000000000930      0x1b4 Core/Src/stm32f4xx_it.o
 .debug_frame   0x0000000000000ae4       0x58 Core/Src/system_stm32f4xx.o
 .debug_frame   0x0000000000000b3c       0x74 Core/Src/usart.o
 .debug_frame   0x0000000000000bb0      0x374 Drivers/STM32F4xx_HAL_Driver/Src/stm32f4xx_hal.o
 .debug_frame   0x0000000000000f24      0x498 Drivers/STM32F4xx_HAL_Driver/Src/stm32f4xx_hal_cortex.o
 .debug_frame   0x00000000000013bc      0x250 Drivers/STM32F4xx_HAL_Driver/Src/stm32f4xx_hal_dma.o
 .debug_frame   0x000000000000160c      0x14c Drivers/STM32F4xx_HAL_Driver/Src/stm32f4xx_hal_gpio.o
 .debug_frame   0x0000000000001758      0xc38 Drivers/STM32F4xx_HAL_Driver/Src/stm32f4xx_hal_i2c.o
 .debug_frame   0x0000000000002390      0x1f0 Drivers/STM32F4xx_HAL_Driver/Src/stm32f4xx_hal_rcc.o
 .debug_frame   0x0000000000002580      0x824 Drivers/STM32F4xx_HAL_Driver/Src/stm32f4xx_hal_spi.o
 .debug_frame   0x0000000000002da4      0x844 Drivers/STM32F4xx_HAL_Driver/Src/stm32f4xx_hal_uart.o
 .debug_frame   0x00000000000035e8       0x40 c:/st/stm32cubeide_1.3.0/stm32cubeide/plugins/com.st.stm32cube.ide.mcu.externaltools.gnu-tools-for-stm32.7-2018-q2-update.win32_1.4.0.202007081208/tools/bin/../lib/gcc/arm-none-eabi/7.3.1/../../../../arm-none-eabi/lib/thumb/v7e-m/fpv4-sp/hard\libm.a(lib_a-wf_asin.o)
 .debug_frame   0x0000000000003628       0x20 c:/st/stm32cubeide_1.3.0/stm32cubeide/plugins/com.st.stm32cube.ide.mcu.externaltools.gnu-tools-for-stm32.7-2018-q2-update.win32_1.4.0.202007081208/tools/bin/../lib/gcc/arm-none-eabi/7.3.1/../../../../arm-none-eabi/lib/thumb/v7e-m/fpv4-sp/hard\libm.a(lib_a-wf_atan2.o)
 .debug_frame   0x0000000000003648       0x54 c:/st/stm32cubeide_1.3.0/stm32cubeide/plugins/com.st.stm32cube.ide.mcu.externaltools.gnu-tools-for-stm32.7-2018-q2-update.win32_1.4.0.202007081208/tools/bin/../lib/gcc/arm-none-eabi/7.3.1/../../../../arm-none-eabi/lib/thumb/v7e-m/fpv4-sp/hard\libm.a(lib_a-wf_pow.o)
 .debug_frame   0x000000000000369c       0x48 c:/st/stm32cubeide_1.3.0/stm32cubeide/plugins/com.st.stm32cube.ide.mcu.externaltools.gnu-tools-for-stm32.7-2018-q2-update.win32_1.4.0.202007081208/tools/bin/../lib/gcc/arm-none-eabi/7.3.1/../../../../arm-none-eabi/lib/thumb/v7e-m/fpv4-sp/hard\libm.a(lib_a-ef_asin.o)
 .debug_frame   0x00000000000036e4       0x30 c:/st/stm32cubeide_1.3.0/stm32cubeide/plugins/com.st.stm32cube.ide.mcu.externaltools.gnu-tools-for-stm32.7-2018-q2-update.win32_1.4.0.202007081208/tools/bin/../lib/gcc/arm-none-eabi/7.3.1/../../../../arm-none-eabi/lib/thumb/v7e-m/fpv4-sp/hard\libm.a(lib_a-ef_atan2.o)
 .debug_frame   0x0000000000003714       0x68 c:/st/stm32cubeide_1.3.0/stm32cubeide/plugins/com.st.stm32cube.ide.mcu.externaltools.gnu-tools-for-stm32.7-2018-q2-update.win32_1.4.0.202007081208/tools/bin/../lib/gcc/arm-none-eabi/7.3.1/../../../../arm-none-eabi/lib/thumb/v7e-m/fpv4-sp/hard\libm.a(lib_a-ef_pow.o)
 .debug_frame   0x000000000000377c       0x20 c:/st/stm32cubeide_1.3.0/stm32cubeide/plugins/com.st.stm32cube.ide.mcu.externaltools.gnu-tools-for-stm32.7-2018-q2-update.win32_1.4.0.202007081208/tools/bin/../lib/gcc/arm-none-eabi/7.3.1/../../../../arm-none-eabi/lib/thumb/v7e-m/fpv4-sp/hard\libm.a(lib_a-ef_sqrt.o)
 .debug_frame   0x000000000000379c       0x20 c:/st/stm32cubeide_1.3.0/stm32cubeide/plugins/com.st.stm32cube.ide.mcu.externaltools.gnu-tools-for-stm32.7-2018-q2-update.win32_1.4.0.202007081208/tools/bin/../lib/gcc/arm-none-eabi/7.3.1/../../../../arm-none-eabi/lib/thumb/v7e-m/fpv4-sp/hard\libm.a(lib_a-s_matherr.o)
 .debug_frame   0x00000000000037bc       0x20 c:/st/stm32cubeide_1.3.0/stm32cubeide/plugins/com.st.stm32cube.ide.mcu.externaltools.gnu-tools-for-stm32.7-2018-q2-update.win32_1.4.0.202007081208/tools/bin/../lib/gcc/arm-none-eabi/7.3.1/../../../../arm-none-eabi/lib/thumb/v7e-m/fpv4-sp/hard\libm.a(lib_a-s_nan.o)
 .debug_frame   0x00000000000037dc       0x2c c:/st/stm32cubeide_1.3.0/stm32cubeide/plugins/com.st.stm32cube.ide.mcu.externaltools.gnu-tools-for-stm32.7-2018-q2-update.win32_1.4.0.202007081208/tools/bin/../lib/gcc/arm-none-eabi/7.3.1/../../../../arm-none-eabi/lib/thumb/v7e-m/fpv4-sp/hard\libm.a(lib_a-sf_atan.o)
 .debug_frame   0x0000000000003808       0x20 c:/st/stm32cubeide_1.3.0/stm32cubeide/plugins/com.st.stm32cube.ide.mcu.externaltools.gnu-tools-for-stm32.7-2018-q2-update.win32_1.4.0.202007081208/tools/bin/../lib/gcc/arm-none-eabi/7.3.1/../../../../arm-none-eabi/lib/thumb/v7e-m/fpv4-sp/hard\libm.a(lib_a-sf_fabs.o)
 .debug_frame   0x0000000000003828       0x20 c:/st/stm32cubeide_1.3.0/stm32cubeide/plugins/com.st.stm32cube.ide.mcu.externaltools.gnu-tools-for-stm32.7-2018-q2-update.win32_1.4.0.202007081208/tools/bin/../lib/gcc/arm-none-eabi/7.3.1/../../../../arm-none-eabi/lib/thumb/v7e-m/fpv4-sp/hard\libm.a(lib_a-sf_finite.o)
 .debug_frame   0x0000000000003848       0x20 c:/st/stm32cubeide_1.3.0/stm32cubeide/plugins/com.st.stm32cube.ide.mcu.externaltools.gnu-tools-for-stm32.7-2018-q2-update.win32_1.4.0.202007081208/tools/bin/../lib/gcc/arm-none-eabi/7.3.1/../../../../arm-none-eabi/lib/thumb/v7e-m/fpv4-sp/hard\libm.a(lib_a-sf_nan.o)
 .debug_frame   0x0000000000003868       0x30 c:/st/stm32cubeide_1.3.0/stm32cubeide/plugins/com.st.stm32cube.ide.mcu.externaltools.gnu-tools-for-stm32.7-2018-q2-update.win32_1.4.0.202007081208/tools/bin/../lib/gcc/arm-none-eabi/7.3.1/../../../../arm-none-eabi/lib/thumb/v7e-m/fpv4-sp/hard\libm.a(lib_a-sf_rint.o)
 .debug_frame   0x0000000000003898       0x3c c:/st/stm32cubeide_1.3.0/stm32cubeide/plugins/com.st.stm32cube.ide.mcu.externaltools.gnu-tools-for-stm32.7-2018-q2-update.win32_1.4.0.202007081208/tools/bin/../lib/gcc/arm-none-eabi/7.3.1/../../../../arm-none-eabi/lib/thumb/v7e-m/fpv4-sp/hard\libm.a(lib_a-sf_scalbn.o)
 .debug_frame   0x00000000000038d4       0x20 c:/st/stm32cubeide_1.3.0/stm32cubeide/plugins/com.st.stm32cube.ide.mcu.externaltools.gnu-tools-for-stm32.7-2018-q2-update.win32_1.4.0.202007081208/tools/bin/../lib/gcc/arm-none-eabi/7.3.1/../../../../arm-none-eabi/lib/thumb/v7e-m/fpv4-sp/hard\libm.a(lib_a-sf_copysign.o)
 .debug_frame   0x00000000000038f4       0x20 c:/st/stm32cubeide_1.3.0/stm32cubeide/plugins/com.st.stm32cube.ide.mcu.externaltools.gnu-tools-for-stm32.7-2018-q2-update.win32_1.4.0.202007081208/tools/bin/../lib/gcc/arm-none-eabi/7.3.1/../../../../arm-none-eabi/lib/thumb/v7e-m/fpv4-sp/hard\libc_nano.a(lib_a-errno.o)
 .debug_frame   0x0000000000003914       0x2c c:/st/stm32cubeide_1.3.0/stm32cubeide/plugins/com.st.stm32cube.ide.mcu.externaltools.gnu-tools-for-stm32.7-2018-q2-update.win32_1.4.0.202007081208/tools/bin/../lib/gcc/arm-none-eabi/7.3.1/../../../../arm-none-eabi/lib/thumb/v7e-m/fpv4-sp/hard\libc_nano.a(lib_a-init.o)
 .debug_frame   0x0000000000003940       0x20 c:/st/stm32cubeide_1.3.0/stm32cubeide/plugins/com.st.stm32cube.ide.mcu.externaltools.gnu-tools-for-stm32.7-2018-q2-update.win32_1.4.0.202007081208/tools/bin/../lib/gcc/arm-none-eabi/7.3.1/../../../../arm-none-eabi/lib/thumb/v7e-m/fpv4-sp/hard\libc_nano.a(lib_a-memset.o)
 .debug_frame   0x0000000000003960       0xac c:/st/stm32cubeide_1.3.0/stm32cubeide/plugins/com.st.stm32cube.ide.mcu.externaltools.gnu-tools-for-stm32.7-2018-q2-update.win32_1.4.0.202007081208/tools/bin/../lib/gcc/arm-none-eabi/7.3.1/thumb/v7e-m/fpv4-sp/hard\libgcc.a(_arm_addsubdf3.o)
 .debug_frame   0x0000000000003a0c       0x24 c:/st/stm32cubeide_1.3.0/stm32cubeide/plugins/com.st.stm32cube.ide.mcu.externaltools.gnu-tools-for-stm32.7-2018-q2-update.win32_1.4.0.202007081208/tools/bin/../lib/gcc/arm-none-eabi/7.3.1/thumb/v7e-m/fpv4-sp/hard\libgcc.a(_arm_truncdfsf2.o)
 .debug_frame   0x0000000000003a30       0x2c c:/st/stm32cubeide_1.3.0/stm32cubeide/plugins/com.st.stm32cube.ide.mcu.externaltools.gnu-tools-for-stm32.7-2018-q2-update.win32_1.4.0.202007081208/tools/bin/../lib/gcc/arm-none-eabi/7.3.1/thumb/v7e-m/fpv4-sp/hard\libgcc.a(_aeabi_uldivmod.o)
 .debug_frame   0x0000000000003a5c       0x34 c:/st/stm32cubeide_1.3.0/stm32cubeide/plugins/com.st.stm32cube.ide.mcu.externaltools.gnu-tools-for-stm32.7-2018-q2-update.win32_1.4.0.202007081208/tools/bin/../lib/gcc/arm-none-eabi/7.3.1/thumb/v7e-m/fpv4-sp/hard\libgcc.a(_udivmoddi4.o)