bno080.c:48:9:bno080_Initialization	8	static
bno080.c:104:6:bno080_start_IT	8	static
bno080.c:112:7:bno080_qToFloat	24	static
bno080.c:118:6:bno080_enableRotationVector	16	static
bno080.c:124:6:bno080_enableGameRotationVector	16	static
bno080.c:130:6:bno080_enableAccelerometer	16	static
bno080.c:136:6:bno080_enableLinearAccelerometer	16	static
bno080.c:142:6:bno080_enableGyro	16	static
bno080.c:148:6:bno080_enableMagnetometer	16	static
bno080.c:154:6:bno080_enableStepCounter	16	static
bno080.c:160:6:bno080_enableStabilityClassifier	16	static
bno080.c:166:6:bno080_calibrateAccelerometer	8	static
bno080.c:172:6:bno080_calibrateGyro	8	static
bno080.c:178:6:bno080_calibrateMagnetometer	8	static
bno080.c:184:6:bno080_calibratePlanarAccelerometer	8	static
bno080.c:190:6:bno080_calibrateAll	8	static
bno080.c:195:6:bno080_endCalibration	8	static
bno080.c:203:6:setFeatureCommand	24	static
bno080.c:235:6:sendCommand	16	static
bno080.c:258:6:sendCalibrateCommand	24	static
bno080.c:299:6:requestCalibrationStatus	16	static
bno080.c:322:6:saveCalibration	16	static
bno080.c:343:7:bno080_getQuatI	8	static
bno080.c:349:7:bno080_getQuatJ	8	static
bno080.c:355:7:bno080_getQuatK	8	static
bno080.c:361:7:bno080_getQuatReal	8	static
bno080.c:367:7:bno080_getQuatRadianAccuracy	8	static
bno080.c:396:9:waitForSPI	24	static
bno080.c:415:9:receivePacket	24	static
bno080.c:452:9:receivePacket_IT	24	static
bno080.c:494:9:sendPacket	24	static
bno080.c:517:6:HAL_GPIO_EXTI_Callback	16	static
