stm32f4xx_ll_spi.h:298:22:LL_SPI_Enable	16	static
stm32f4xx_ll_spi.h:732:26:LL_SPI_IsActiveFlag_RXNE	16	static
stm32f4xx_ll_spi.h:743:26:LL_SPI_IsActiveFlag_TXE	16	static
stm32f4xx_ll_spi.h:794:26:LL_SPI_IsActiveFlag_BSY	16	static
stm32f4xx_ll_spi.h:1076:25:LL_SPI_ReceiveData8	16	static
stm32f4xx_ll_spi.h:1099:22:LL_SPI_TransmitData8	24	static
bno080.c:50:9:bno080_Initialization	8	static
bno080.c:111:6:bno080_start_IT	8	static
bno080.c:119:6:bno080_stop_IT	8	static
bno080.c:126:7:bno080_qToFloat	24	static
bno080.c:132:6:bno080_enableRotationVector	16	static
bno080.c:138:6:bno080_enableGameRotationVector	16	static
bno080.c:144:6:bno080_enableAccelerometer	16	static
bno080.c:150:6:bno080_enableLinearAccelerometer	16	static
bno080.c:156:6:bno080_enableGyro	16	static
bno080.c:162:6:bno080_enableMagnetometer	16	static
bno080.c:168:6:bno080_enableStepCounter	16	static
bno080.c:174:6:bno080_enableStabilityClassifier	16	static
bno080.c:180:6:bno080_calibrateAccelerometer	8	static
bno080.c:186:6:bno080_calibrateGyro	8	static
bno080.c:192:6:bno080_calibrateMagnetometer	8	static
bno080.c:198:6:bno080_calibratePlanarAccelerometer	8	static
bno080.c:204:6:bno080_calibrateAll	8	static
bno080.c:209:6:bno080_endCalibration	8	static
bno080.c:217:6:setFeatureCommand	24	static
bno080.c:249:6:sendCommand	16	static
bno080.c:272:6:sendCalibrateCommand	24	static
bno080.c:313:6:requestCalibrationStatus	16	static
bno080.c:336:6:saveCalibration	16	static
bno080.c:375:6:parseCommandReport	16	static
bno080.c:411:6:parseInputReport	32	static
bno080.c:527:7:bno080_getQuatI	8	static
bno080.c:533:7:bno080_getQuatJ	8	static
bno080.c:539:7:bno080_getQuatK	8	static
bno080.c:545:7:bno080_getQuatReal	8	static
bno080.c:551:7:bno080_getQuatRadianAccuracy	8	static
bno080.c:559:9:waitForSPI	16	static
bno080.c:575:9:receivePacket	24	static
bno080.c:627:9:receivePacket_IT	24	static
bno080.c:694:9:sendPacket	24	static
bno080.c:729:9:LL_SPI_SendByte	16	static
bno080.c:740:6:HAL_GPIO_EXTI_Callback	16	static
