stm32f4xx_ll_spi.h:732:26:LL_SPI_IsActiveFlag_RXNE	16	static
stm32f4xx_ll_spi.h:743:26:LL_SPI_IsActiveFlag_TXE	16	static
bno080.c:49:9:bno080_Initialization	8	static
bno080.c:111:6:bno080_start_IT	4	static
bno080.c:120:7:bno080_qToFloat	24	static
bno080.c:126:6:bno080_enableRotationVector	16	static
bno080.c:132:6:bno080_enableGameRotationVector	16	static
bno080.c:138:6:bno080_enableAccelerometer	16	static
bno080.c:144:6:bno080_enableLinearAccelerometer	16	static
bno080.c:150:6:bno080_enableGyro	16	static
bno080.c:156:6:bno080_enableMagnetometer	16	static
bno080.c:162:6:bno080_enableStepCounter	16	static
bno080.c:168:6:bno080_enableStabilityClassifier	16	static
bno080.c:174:6:bno080_calibrateAccelerometer	8	static
bno080.c:180:6:bno080_calibrateGyro	8	static
bno080.c:186:6:bno080_calibrateMagnetometer	8	static
bno080.c:192:6:bno080_calibratePlanarAccelerometer	8	static
bno080.c:198:6:bno080_calibrateAll	8	static
bno080.c:203:6:bno080_endCalibration	8	static
bno080.c:211:6:setFeatureCommand	24	static
bno080.c:243:6:sendCommand	16	static
bno080.c:266:6:sendCalibrateCommand	24	static
bno080.c:307:6:requestCalibrationStatus	16	static
bno080.c:330:6:saveCalibration	16	static
bno080.c:352:5:bno080_dataAvailable	8	static
bno080.c:399:6:bno080_parseCommandReport	16	static
bno080.c:435:6:bno080_parseInputReport	32	static
bno080.c:551:7:bno080_getQuatI	8	static
bno080.c:557:7:bno080_getQuatJ	8	static
bno080.c:563:7:bno080_getQuatK	8	static
bno080.c:569:7:bno080_getQuatReal	8	static
bno080.c:575:7:bno080_getQuatRadianAccuracy	8	static
bno080.c:581:9:waitForSPI	16	static
bno080.c:594:9:receivePacket	24	static
bno080.c:649:9:receivePacket_IT	24	static
bno080.c:701:9:sendPacket	24	static
bno080.c:733:9:LL_SPI_SendByte	16	static
bno080.c:748:6:HAL_GPIO_EXTI_Callback	16	static
